[    8355ms] [LOG] [vite] connecting... @ http://localhost:3001/@vite/client:183
[    8685ms] [LOG] [vite] connected. @ http://localhost:3001/@vite/client:211
[    8849ms] [WARNING] You are running the esm-bundler build of vue-i18n. It is recommended to configure your bundler to explicitly replace feature flag globals with boolean literals to get proper tree-shaking in the final bundle. @ http://localhost:3001/node_modules/.vite/deps/vue-i18n.js?v=ab2b3089:2577
[   14198ms] [WARNING] [intlify] Not found 'login.logging' key in 'zh-cn' locale messages. @ http://localhost:3001/node_modules/.vite/deps/vue-i18n.js?v=ab2b3089:59
[   14198ms] [WARNING] [intlify] Fall back to translate 'login.logging' key with 'zh' locale. @ http://localhost:3001/node_modules/.vite/deps/vue-i18n.js?v=ab2b3089:59
[   14199ms] [WARNING] [intlify] Not found 'login.logging' key in 'zh' locale messages. @ http://localhost:3001/node_modules/.vite/deps/vue-i18n.js?v=ab2b3089:59
[   14313ms] [WARNING] [Vue Router warn]: Cannot remove non-existent route "test" @ http://localhost:3001/node_modules/.vite/deps/vue-router.js?v=ab2b3089:42
[   14313ms] [WARNING] [Vue Router warn]: Cannot remove non-existent route "system" @ http://localhost:3001/node_modules/.vite/deps/vue-router.js?v=ab2b3089:42
[   14313ms] [WARNING] [Vue Router warn]: Cannot remove non-existent route "memoryReceptionArea" @ http://localhost:3001/node_modules/.vite/deps/vue-router.js?v=ab2b3089:42
[   14313ms] [WARNING] [Vue Router warn]: Cannot remove non-existent route "memoryEngramRegion" @ http://localhost:3001/node_modules/.vite/deps/vue-router.js?v=ab2b3089:42
[   14313ms] [WARNING] [Vue Router warn]: Cannot remove non-existent route "knowledgeBuildArea" @ http://localhost:3001/node_modules/.vite/deps/vue-router.js?v=ab2b3089:42
[   14313ms] [WARNING] [Vue Router warn]: Cannot remove non-existent route "knowledgeExtractArea" @ http://localhost:3001/node_modules/.vite/deps/vue-router.js?v=ab2b3089:42
[   14313ms] [WARNING] [Vue Router warn]: Cannot remove non-existent route "firmWorldviewArea" @ http://localhost:3001/node_modules/.vite/deps/vue-router.js?v=ab2b3089:42
[   14314ms] [WARNING] [Vue Router warn]: Cannot remove non-existent route "futurePlanArea" @ http://localhost:3001/node_modules/.vite/deps/vue-router.js?v=ab2b3089:42
[   14314ms] [WARNING] [Vue Router warn]: Cannot remove non-existent route "assetControlArea" @ http://localhost:3001/node_modules/.vite/deps/vue-router.js?v=ab2b3089:42
[   14314ms] [WARNING] [Vue Router warn]: Cannot remove non-existent route "socialConnectionsArea" @ http://localhost:3001/node_modules/.vite/deps/vue-router.js?v=ab2b3089:42
[   14314ms] [WARNING] [Vue Router warn]: Cannot remove non-existent route "thoughtFlashArea" @ http://localhost:3001/node_modules/.vite/deps/vue-router.js?v=ab2b3089:42
[   14314ms] [WARNING] [Vue Router warn]: Cannot remove non-existent route "trialExecutionArea" @ http://localhost:3001/node_modules/.vite/deps/vue-router.js?v=ab2b3089:42
[   14314ms] [WARNING] [Vue Router warn]: Cannot remove non-existent route "personalObservationArea" @ http://localhost:3001/node_modules/.vite/deps/vue-router.js?v=ab2b3089:42
[   17553ms] [WARNING] [intlify] Not found '大脑管理' key in 'zh-cn' locale messages. @ http://localhost:3001/node_modules/.vite/deps/vue-i18n.js?v=ab2b3089:59
[   17554ms] [WARNING] [intlify] Fall back to translate '大脑管理' key with 'zh' locale. @ http://localhost:3001/node_modules/.vite/deps/vue-i18n.js?v=ab2b3089:59
[   17554ms] [WARNING] [intlify] Not found '大脑管理' key in 'zh' locale messages. @ http://localhost:3001/node_modules/.vite/deps/vue-i18n.js?v=ab2b3089:59
[   17559ms] [WARNING] [intlify] Not found '账号管理' key in 'zh-cn' locale messages. @ http://localhost:3001/node_modules/.vite/deps/vue-i18n.js?v=ab2b3089:59
[   17559ms] [WARNING] [intlify] Fall back to translate '账号管理' key with 'zh' locale. @ http://localhost:3001/node_modules/.vite/deps/vue-i18n.js?v=ab2b3089:59
[   17560ms] [WARNING] [intlify] Not found '账号管理' key in 'zh' locale messages. @ http://localhost:3001/node_modules/.vite/deps/vue-i18n.js?v=ab2b3089:59
[   17562ms] [WARNING] [intlify] Not found '角色管理' key in 'zh-cn' locale messages. @ http://localhost:3001/node_modules/.vite/deps/vue-i18n.js?v=ab2b3089:59
[   17563ms] [WARNING] [intlify] Fall back to translate '角色管理' key with 'zh' locale. @ http://localhost:3001/node_modules/.vite/deps/vue-i18n.js?v=ab2b3089:59
[   17563ms] [WARNING] [intlify] Not found '角色管理' key in 'zh' locale messages. @ http://localhost:3001/node_modules/.vite/deps/vue-i18n.js?v=ab2b3089:59
[   17565ms] [WARNING] [intlify] Not found '大脑结构管理' key in 'zh-cn' locale messages. @ http://localhost:3001/node_modules/.vite/deps/vue-i18n.js?v=ab2b3089:59
[   17566ms] [WARNING] [intlify] Fall back to translate '大脑结构管理' key with 'zh' locale. @ http://localhost:3001/node_modules/.vite/deps/vue-i18n.js?v=ab2b3089:59
[   17566ms] [WARNING] [intlify] Not found '大脑结构管理' key in 'zh' locale messages. @ http://localhost:3001/node_modules/.vite/deps/vue-i18n.js?v=ab2b3089:59
[   17568ms] [WARNING] [intlify] Not found '大脑字典' key in 'zh-cn' locale messages. @ http://localhost:3001/node_modules/.vite/deps/vue-i18n.js?v=ab2b3089:59
[   17568ms] [WARNING] [intlify] Fall back to translate '大脑字典' key with 'zh' locale. @ http://localhost:3001/node_modules/.vite/deps/vue-i18n.js?v=ab2b3089:59
[   17569ms] [WARNING] [intlify] Not found '大脑字典' key in 'zh' locale messages. @ http://localhost:3001/node_modules/.vite/deps/vue-i18n.js?v=ab2b3089:59
[   17572ms] [WARNING] [intlify] Not found '记忆接收区' key in 'zh-cn' locale messages. @ http://localhost:3001/node_modules/.vite/deps/vue-i18n.js?v=ab2b3089:59
[   17572ms] [WARNING] [intlify] Fall back to translate '记忆接收区' key with 'zh' locale. @ http://localhost:3001/node_modules/.vite/deps/vue-i18n.js?v=ab2b3089:59
[   17573ms] [WARNING] [intlify] Not found '记忆接收区' key in 'zh' locale messages. @ http://localhost:3001/node_modules/.vite/deps/vue-i18n.js?v=ab2b3089:59
[   17576ms] [WARNING] [intlify] Not found '原始记忆接入' key in 'zh-cn' locale messages. @ http://localhost:3001/node_modules/.vite/deps/vue-i18n.js?v=ab2b3089:59
[   17577ms] [WARNING] [intlify] Fall back to translate '原始记忆接入' key with 'zh' locale. @ http://localhost:3001/node_modules/.vite/deps/vue-i18n.js?v=ab2b3089:59
[   17577ms] [WARNING] [intlify] Not found '原始记忆接入' key in 'zh' locale messages. @ http://localhost:3001/node_modules/.vite/deps/vue-i18n.js?v=ab2b3089:59
[   17580ms] [WARNING] [intlify] Not found '工作记忆接入' key in 'zh-cn' locale messages. @ http://localhost:3001/node_modules/.vite/deps/vue-i18n.js?v=ab2b3089:59
[   17580ms] [WARNING] [intlify] Fall back to translate '工作记忆接入' key with 'zh' locale. @ http://localhost:3001/node_modules/.vite/deps/vue-i18n.js?v=ab2b3089:59
[   17581ms] [WARNING] [intlify] Not found '工作记忆接入' key in 'zh' locale messages. @ http://localhost:3001/node_modules/.vite/deps/vue-i18n.js?v=ab2b3089:59
[   17583ms] [WARNING] [intlify] Not found '生活记忆接入' key in 'zh-cn' locale messages. @ http://localhost:3001/node_modules/.vite/deps/vue-i18n.js?v=ab2b3089:59
[   17583ms] [WARNING] [intlify] Fall back to translate '生活记忆接入' key with 'zh' locale. @ http://localhost:3001/node_modules/.vite/deps/vue-i18n.js?v=ab2b3089:59
[   17584ms] [WARNING] [intlify] Not found '生活记忆接入' key in 'zh' locale messages. @ http://localhost:3001/node_modules/.vite/deps/vue-i18n.js?v=ab2b3089:59
[   17590ms] [WARNING] [intlify] Not found '娱乐记忆接入' key in 'zh-cn' locale messages. @ http://localhost:3001/node_modules/.vite/deps/vue-i18n.js?v=ab2b3089:59
[   17591ms] [WARNING] [intlify] Fall back to translate '娱乐记忆接入' key with 'zh' locale. @ http://localhost:3001/node_modules/.vite/deps/vue-i18n.js?v=ab2b3089:59
[   17592ms] [WARNING] [intlify] Not found '娱乐记忆接入' key in 'zh' locale messages. @ http://localhost:3001/node_modules/.vite/deps/vue-i18n.js?v=ab2b3089:59
[   17594ms] [WARNING] [intlify] Not found '交际记忆接入' key in 'zh-cn' locale messages. @ http://localhost:3001/node_modules/.vite/deps/vue-i18n.js?v=ab2b3089:59
[   17594ms] [WARNING] [intlify] Fall back to translate '交际记忆接入' key with 'zh' locale. @ http://localhost:3001/node_modules/.vite/deps/vue-i18n.js?v=ab2b3089:59
[   17595ms] [WARNING] [intlify] Not found '交际记忆接入' key in 'zh' locale messages. @ http://localhost:3001/node_modules/.vite/deps/vue-i18n.js?v=ab2b3089:59
[   17597ms] [WARNING] [intlify] Not found '学习记忆接入' key in 'zh-cn' locale messages. @ http://localhost:3001/node_modules/.vite/deps/vue-i18n.js?v=ab2b3089:59
[   17597ms] [WARNING] [intlify] Fall back to translate '学习记忆接入' key with 'zh' locale. @ http://localhost:3001/node_modules/.vite/deps/vue-i18n.js?v=ab2b3089:59
[   17598ms] [WARNING] [intlify] Not found '学习记忆接入' key in 'zh' locale messages. @ http://localhost:3001/node_modules/.vite/deps/vue-i18n.js?v=ab2b3089:59
[   17600ms] [WARNING] [intlify] Not found '记忆铭纂区' key in 'zh-cn' locale messages. @ http://localhost:3001/node_modules/.vite/deps/vue-i18n.js?v=ab2b3089:59
[   17600ms] [WARNING] [intlify] Fall back to translate '记忆铭纂区' key with 'zh' locale. @ http://localhost:3001/node_modules/.vite/deps/vue-i18n.js?v=ab2b3089:59
[   17601ms] [WARNING] [intlify] Not found '记忆铭纂区' key in 'zh' locale messages. @ http://localhost:3001/node_modules/.vite/deps/vue-i18n.js?v=ab2b3089:59
[   17604ms] [WARNING] [intlify] Not found '原始记忆铭纂' key in 'zh-cn' locale messages. @ http://localhost:3001/node_modules/.vite/deps/vue-i18n.js?v=ab2b3089:59
[   17604ms] [WARNING] [intlify] Fall back to translate '原始记忆铭纂' key with 'zh' locale. @ http://localhost:3001/node_modules/.vite/deps/vue-i18n.js?v=ab2b3089:59
[   17605ms] [WARNING] [intlify] Not found '原始记忆铭纂' key in 'zh' locale messages. @ http://localhost:3001/node_modules/.vite/deps/vue-i18n.js?v=ab2b3089:59
[   17606ms] [WARNING] [intlify] Not found '工作记忆铭纂' key in 'zh-cn' locale messages. @ http://localhost:3001/node_modules/.vite/deps/vue-i18n.js?v=ab2b3089:59
[   17607ms] [WARNING] [intlify] Fall back to translate '工作记忆铭纂' key with 'zh' locale. @ http://localhost:3001/node_modules/.vite/deps/vue-i18n.js?v=ab2b3089:59
[   17607ms] [WARNING] [intlify] Not found '工作记忆铭纂' key in 'zh' locale messages. @ http://localhost:3001/node_modules/.vite/deps/vue-i18n.js?v=ab2b3089:59
[   17609ms] [WARNING] [intlify] Not found '生活记忆铭纂' key in 'zh-cn' locale messages. @ http://localhost:3001/node_modules/.vite/deps/vue-i18n.js?v=ab2b3089:59
[   17609ms] [WARNING] [intlify] Fall back to translate '生活记忆铭纂' key with 'zh' locale. @ http://localhost:3001/node_modules/.vite/deps/vue-i18n.js?v=ab2b3089:59
[   17610ms] [WARNING] [intlify] Not found '生活记忆铭纂' key in 'zh' locale messages. @ http://localhost:3001/node_modules/.vite/deps/vue-i18n.js?v=ab2b3089:59
[   17612ms] [WARNING] [intlify] Not found '娱乐记忆铭纂' key in 'zh-cn' locale messages. @ http://localhost:3001/node_modules/.vite/deps/vue-i18n.js?v=ab2b3089:59
[   17613ms] [WARNING] [intlify] Fall back to translate '娱乐记忆铭纂' key with 'zh' locale. @ http://localhost:3001/node_modules/.vite/deps/vue-i18n.js?v=ab2b3089:59
[   17614ms] [WARNING] [intlify] Not found '娱乐记忆铭纂' key in 'zh' locale messages. @ http://localhost:3001/node_modules/.vite/deps/vue-i18n.js?v=ab2b3089:59
[   17615ms] [WARNING] [intlify] Not found '交际记忆铭纂' key in 'zh-cn' locale messages. @ http://localhost:3001/node_modules/.vite/deps/vue-i18n.js?v=ab2b3089:59
[   17616ms] [WARNING] [intlify] Fall back to translate '交际记忆铭纂' key with 'zh' locale. @ http://localhost:3001/node_modules/.vite/deps/vue-i18n.js?v=ab2b3089:59
[   17617ms] [WARNING] [intlify] Not found '交际记忆铭纂' key in 'zh' locale messages. @ http://localhost:3001/node_modules/.vite/deps/vue-i18n.js?v=ab2b3089:59
[   17619ms] [WARNING] [intlify] Not found '学习记忆铭纂' key in 'zh-cn' locale messages. @ http://localhost:3001/node_modules/.vite/deps/vue-i18n.js?v=ab2b3089:59
[   17619ms] [WARNING] [intlify] Fall back to translate '学习记忆铭纂' key with 'zh' locale. @ http://localhost:3001/node_modules/.vite/deps/vue-i18n.js?v=ab2b3089:59
[   17621ms] [WARNING] [intlify] Not found '学习记忆铭纂' key in 'zh' locale messages. @ http://localhost:3001/node_modules/.vite/deps/vue-i18n.js?v=ab2b3089:59
[   17624ms] [WARNING] [intlify] Not found '知识构建区' key in 'zh-cn' locale messages. @ http://localhost:3001/node_modules/.vite/deps/vue-i18n.js?v=ab2b3089:59
[   17625ms] [WARNING] [intlify] Fall back to translate '知识构建区' key with 'zh' locale. @ http://localhost:3001/node_modules/.vite/deps/vue-i18n.js?v=ab2b3089:59
[   17625ms] [WARNING] [intlify] Not found '知识构建区' key in 'zh' locale messages. @ http://localhost:3001/node_modules/.vite/deps/vue-i18n.js?v=ab2b3089:59
[   17629ms] [WARNING] [intlify] Not found '常识知识构建' key in 'zh-cn' locale messages. @ http://localhost:3001/node_modules/.vite/deps/vue-i18n.js?v=ab2b3089:59
[   17630ms] [WARNING] [intlify] Fall back to translate '常识知识构建' key with 'zh' locale. @ http://localhost:3001/node_modules/.vite/deps/vue-i18n.js?v=ab2b3089:59
[   17631ms] [WARNING] [intlify] Not found '常识知识构建' key in 'zh' locale messages. @ http://localhost:3001/node_modules/.vite/deps/vue-i18n.js?v=ab2b3089:59
[   17633ms] [WARNING] [intlify] Not found '工作知识构建' key in 'zh-cn' locale messages. @ http://localhost:3001/node_modules/.vite/deps/vue-i18n.js?v=ab2b3089:59
[   17633ms] [WARNING] [intlify] Fall back to translate '工作知识构建' key with 'zh' locale. @ http://localhost:3001/node_modules/.vite/deps/vue-i18n.js?v=ab2b3089:59
[   17634ms] [WARNING] [intlify] Not found '工作知识构建' key in 'zh' locale messages. @ http://localhost:3001/node_modules/.vite/deps/vue-i18n.js?v=ab2b3089:59
[   17635ms] [WARNING] [intlify] Not found '交际知识构建' key in 'zh-cn' locale messages. @ http://localhost:3001/node_modules/.vite/deps/vue-i18n.js?v=ab2b3089:59
[   17636ms] [WARNING] [intlify] Fall back to translate '交际知识构建' key with 'zh' locale. @ http://localhost:3001/node_modules/.vite/deps/vue-i18n.js?v=ab2b3089:59
[   17637ms] [WARNING] [intlify] Not found '交际知识构建' key in 'zh' locale messages. @ http://localhost:3001/node_modules/.vite/deps/vue-i18n.js?v=ab2b3089:59
[   17638ms] [WARNING] [intlify] Not found '文化知识构建' key in 'zh-cn' locale messages. @ http://localhost:3001/node_modules/.vite/deps/vue-i18n.js?v=ab2b3089:59
[   17639ms] [WARNING] [intlify] Fall back to translate '文化知识构建' key with 'zh' locale. @ http://localhost:3001/node_modules/.vite/deps/vue-i18n.js?v=ab2b3089:59
[   17639ms] [WARNING] [intlify] Not found '文化知识构建' key in 'zh' locale messages. @ http://localhost:3001/node_modules/.vite/deps/vue-i18n.js?v=ab2b3089:59
[   17641ms] [WARNING] [intlify] Not found '旁通知识构建' key in 'zh-cn' locale messages. @ http://localhost:3001/node_modules/.vite/deps/vue-i18n.js?v=ab2b3089:59
[   17641ms] [WARNING] [intlify] Fall back to translate '旁通知识构建' key with 'zh' locale. @ http://localhost:3001/node_modules/.vite/deps/vue-i18n.js?v=ab2b3089:59
[   17641ms] [WARNING] [intlify] Not found '旁通知识构建' key in 'zh' locale messages. @ http://localhost:3001/node_modules/.vite/deps/vue-i18n.js?v=ab2b3089:59
[   17643ms] [WARNING] [intlify] Not found '知识提取区' key in 'zh-cn' locale messages. @ http://localhost:3001/node_modules/.vite/deps/vue-i18n.js?v=ab2b3089:59
[   17644ms] [WARNING] [intlify] Fall back to translate '知识提取区' key with 'zh' locale. @ http://localhost:3001/node_modules/.vite/deps/vue-i18n.js?v=ab2b3089:59
[   17645ms] [WARNING] [intlify] Not found '知识提取区' key in 'zh' locale messages. @ http://localhost:3001/node_modules/.vite/deps/vue-i18n.js?v=ab2b3089:59
[   17648ms] [WARNING] [intlify] Not found '常识知识提取' key in 'zh-cn' locale messages. @ http://localhost:3001/node_modules/.vite/deps/vue-i18n.js?v=ab2b3089:59
[   17649ms] [WARNING] [intlify] Fall back to translate '常识知识提取' key with 'zh' locale. @ http://localhost:3001/node_modules/.vite/deps/vue-i18n.js?v=ab2b3089:59
[   17650ms] [WARNING] [intlify] Not found '常识知识提取' key in 'zh' locale messages. @ http://localhost:3001/node_modules/.vite/deps/vue-i18n.js?v=ab2b3089:59
[   17652ms] [WARNING] [intlify] Not found '工作知识提取' key in 'zh-cn' locale messages. @ http://localhost:3001/node_modules/.vite/deps/vue-i18n.js?v=ab2b3089:59
[   17652ms] [WARNING] [intlify] Fall back to translate '工作知识提取' key with 'zh' locale. @ http://localhost:3001/node_modules/.vite/deps/vue-i18n.js?v=ab2b3089:59
[   17653ms] [WARNING] [intlify] Not found '工作知识提取' key in 'zh' locale messages. @ http://localhost:3001/node_modules/.vite/deps/vue-i18n.js?v=ab2b3089:59
[   17656ms] [WARNING] [intlify] Not found '交际知识提取' key in 'zh-cn' locale messages. @ http://localhost:3001/node_modules/.vite/deps/vue-i18n.js?v=ab2b3089:59
[   17657ms] [WARNING] [intlify] Fall back to translate '交际知识提取' key with 'zh' locale. @ http://localhost:3001/node_modules/.vite/deps/vue-i18n.js?v=ab2b3089:59
[   17658ms] [WARNING] [intlify] Not found '交际知识提取' key in 'zh' locale messages. @ http://localhost:3001/node_modules/.vite/deps/vue-i18n.js?v=ab2b3089:59
[   17660ms] [WARNING] [intlify] Not found '文化知识提取' key in 'zh-cn' locale messages. @ http://localhost:3001/node_modules/.vite/deps/vue-i18n.js?v=ab2b3089:59
[   17660ms] [WARNING] [intlify] Fall back to translate '文化知识提取' key with 'zh' locale. @ http://localhost:3001/node_modules/.vite/deps/vue-i18n.js?v=ab2b3089:59
[   17661ms] [WARNING] [intlify] Not found '文化知识提取' key in 'zh' locale messages. @ http://localhost:3001/node_modules/.vite/deps/vue-i18n.js?v=ab2b3089:59
[   17662ms] [WARNING] [intlify] Not found '旁通知识提取' key in 'zh-cn' locale messages. @ http://localhost:3001/node_modules/.vite/deps/vue-i18n.js?v=ab2b3089:59
[   17663ms] [WARNING] [intlify] Fall back to translate '旁通知识提取' key with 'zh' locale. @ http://localhost:3001/node_modules/.vite/deps/vue-i18n.js?v=ab2b3089:59
[   17664ms] [WARNING] [intlify] Not found '旁通知识提取' key in 'zh' locale messages. @ http://localhost:3001/node_modules/.vite/deps/vue-i18n.js?v=ab2b3089:59
[   17666ms] [WARNING] [intlify] Not found '三观稳固区' key in 'zh-cn' locale messages. @ http://localhost:3001/node_modules/.vite/deps/vue-i18n.js?v=ab2b3089:59
[   17666ms] [WARNING] [intlify] Fall back to translate '三观稳固区' key with 'zh' locale. @ http://localhost:3001/node_modules/.vite/deps/vue-i18n.js?v=ab2b3089:59
[   17666ms] [WARNING] [intlify] Not found '三观稳固区' key in 'zh' locale messages. @ http://localhost:3001/node_modules/.vite/deps/vue-i18n.js?v=ab2b3089:59
[   17669ms] [WARNING] [intlify] Not found '精神拓扑构建' key in 'zh-cn' locale messages. @ http://localhost:3001/node_modules/.vite/deps/vue-i18n.js?v=ab2b3089:59
[   17669ms] [WARNING] [intlify] Fall back to translate '精神拓扑构建' key with 'zh' locale. @ http://localhost:3001/node_modules/.vite/deps/vue-i18n.js?v=ab2b3089:59
[   17670ms] [WARNING] [intlify] Not found '精神拓扑构建' key in 'zh' locale messages. @ http://localhost:3001/node_modules/.vite/deps/vue-i18n.js?v=ab2b3089:59
[   17672ms] [WARNING] [intlify] Not found '三观聚类分析' key in 'zh-cn' locale messages. @ http://localhost:3001/node_modules/.vite/deps/vue-i18n.js?v=ab2b3089:59
[   17672ms] [WARNING] [intlify] Fall back to translate '三观聚类分析' key with 'zh' locale. @ http://localhost:3001/node_modules/.vite/deps/vue-i18n.js?v=ab2b3089:59
[   17673ms] [WARNING] [intlify] Not found '三观聚类分析' key in 'zh' locale messages. @ http://localhost:3001/node_modules/.vite/deps/vue-i18n.js?v=ab2b3089:59
[   17674ms] [WARNING] [intlify] Not found '未来规划区' key in 'zh-cn' locale messages. @ http://localhost:3001/node_modules/.vite/deps/vue-i18n.js?v=ab2b3089:59
[   17675ms] [WARNING] [intlify] Fall back to translate '未来规划区' key with 'zh' locale. @ http://localhost:3001/node_modules/.vite/deps/vue-i18n.js?v=ab2b3089:59
[   17675ms] [WARNING] [intlify] Not found '未来规划区' key in 'zh' locale messages. @ http://localhost:3001/node_modules/.vite/deps/vue-i18n.js?v=ab2b3089:59
[   17678ms] [WARNING] [intlify] Not found '职业发展规划' key in 'zh-cn' locale messages. @ http://localhost:3001/node_modules/.vite/deps/vue-i18n.js?v=ab2b3089:59
[   17679ms] [WARNING] [intlify] Fall back to translate '职业发展规划' key with 'zh' locale. @ http://localhost:3001/node_modules/.vite/deps/vue-i18n.js?v=ab2b3089:59
[   17680ms] [WARNING] [intlify] Not found '职业发展规划' key in 'zh' locale messages. @ http://localhost:3001/node_modules/.vite/deps/vue-i18n.js?v=ab2b3089:59
[   17681ms] [WARNING] [intlify] Not found '学习成长规划' key in 'zh-cn' locale messages. @ http://localhost:3001/node_modules/.vite/deps/vue-i18n.js?v=ab2b3089:59
[   17681ms] [WARNING] [intlify] Fall back to translate '学习成长规划' key with 'zh' locale. @ http://localhost:3001/node_modules/.vite/deps/vue-i18n.js?v=ab2b3089:59
[   17682ms] [WARNING] [intlify] Not found '学习成长规划' key in 'zh' locale messages. @ http://localhost:3001/node_modules/.vite/deps/vue-i18n.js?v=ab2b3089:59
[   17683ms] [WARNING] [intlify] Not found '生活管理规划' key in 'zh-cn' locale messages. @ http://localhost:3001/node_modules/.vite/deps/vue-i18n.js?v=ab2b3089:59
[   17683ms] [WARNING] [intlify] Fall back to translate '生活管理规划' key with 'zh' locale. @ http://localhost:3001/node_modules/.vite/deps/vue-i18n.js?v=ab2b3089:59
[   17684ms] [WARNING] [intlify] Not found '生活管理规划' key in 'zh' locale messages. @ http://localhost:3001/node_modules/.vite/deps/vue-i18n.js?v=ab2b3089:59
[   17685ms] [WARNING] [intlify] Not found '财务金融规划' key in 'zh-cn' locale messages. @ http://localhost:3001/node_modules/.vite/deps/vue-i18n.js?v=ab2b3089:59
[   17686ms] [WARNING] [intlify] Fall back to translate '财务金融规划' key with 'zh' locale. @ http://localhost:3001/node_modules/.vite/deps/vue-i18n.js?v=ab2b3089:59
[   17686ms] [WARNING] [intlify] Not found '财务金融规划' key in 'zh' locale messages. @ http://localhost:3001/node_modules/.vite/deps/vue-i18n.js?v=ab2b3089:59
[   17689ms] [WARNING] [intlify] Not found '人际关系规划' key in 'zh-cn' locale messages. @ http://localhost:3001/node_modules/.vite/deps/vue-i18n.js?v=ab2b3089:59
[   17689ms] [WARNING] [intlify] Fall back to translate '人际关系规划' key with 'zh' locale. @ http://localhost:3001/node_modules/.vite/deps/vue-i18n.js?v=ab2b3089:59
[   17689ms] [WARNING] [intlify] Not found '人际关系规划' key in 'zh' locale messages. @ http://localhost:3001/node_modules/.vite/deps/vue-i18n.js?v=ab2b3089:59
[   17691ms] [WARNING] [intlify] Not found '资产管制区' key in 'zh-cn' locale messages. @ http://localhost:3001/node_modules/.vite/deps/vue-i18n.js?v=ab2b3089:59
[   17691ms] [WARNING] [intlify] Fall back to translate '资产管制区' key with 'zh' locale. @ http://localhost:3001/node_modules/.vite/deps/vue-i18n.js?v=ab2b3089:59
[   17692ms] [WARNING] [intlify] Not found '资产管制区' key in 'zh' locale messages. @ http://localhost:3001/node_modules/.vite/deps/vue-i18n.js?v=ab2b3089:59
[   17694ms] [WARNING] [intlify] Not found '资产台账管理' key in 'zh-cn' locale messages. @ http://localhost:3001/node_modules/.vite/deps/vue-i18n.js?v=ab2b3089:59
[   17694ms] [WARNING] [intlify] Fall back to translate '资产台账管理' key with 'zh' locale. @ http://localhost:3001/node_modules/.vite/deps/vue-i18n.js?v=ab2b3089:59
[   17695ms] [WARNING] [intlify] Not found '资产台账管理' key in 'zh' locale messages. @ http://localhost:3001/node_modules/.vite/deps/vue-i18n.js?v=ab2b3089:59
[   17696ms] [WARNING] [intlify] Not found '资产记账' key in 'zh-cn' locale messages. @ http://localhost:3001/node_modules/.vite/deps/vue-i18n.js?v=ab2b3089:59
[   17697ms] [WARNING] [intlify] Fall back to translate '资产记账' key with 'zh' locale. @ http://localhost:3001/node_modules/.vite/deps/vue-i18n.js?v=ab2b3089:59
[   17697ms] [WARNING] [intlify] Not found '资产记账' key in 'zh' locale messages. @ http://localhost:3001/node_modules/.vite/deps/vue-i18n.js?v=ab2b3089:59
[   17698ms] [WARNING] [intlify] Not found '基金资产管理' key in 'zh-cn' locale messages. @ http://localhost:3001/node_modules/.vite/deps/vue-i18n.js?v=ab2b3089:59
[   17699ms] [WARNING] [intlify] Fall back to translate '基金资产管理' key with 'zh' locale. @ http://localhost:3001/node_modules/.vite/deps/vue-i18n.js?v=ab2b3089:59
[   17699ms] [WARNING] [intlify] Not found '基金资产管理' key in 'zh' locale messages. @ http://localhost:3001/node_modules/.vite/deps/vue-i18n.js?v=ab2b3089:59
[   17700ms] [WARNING] [intlify] Not found '资产聚类分析' key in 'zh-cn' locale messages. @ http://localhost:3001/node_modules/.vite/deps/vue-i18n.js?v=ab2b3089:59
[   17701ms] [WARNING] [intlify] Fall back to translate '资产聚类分析' key with 'zh' locale. @ http://localhost:3001/node_modules/.vite/deps/vue-i18n.js?v=ab2b3089:59
[   17701ms] [WARNING] [intlify] Not found '资产聚类分析' key in 'zh' locale messages. @ http://localhost:3001/node_modules/.vite/deps/vue-i18n.js?v=ab2b3089:59
[   17703ms] [WARNING] [intlify] Not found '人脉交际区' key in 'zh-cn' locale messages. @ http://localhost:3001/node_modules/.vite/deps/vue-i18n.js?v=ab2b3089:59
[   17704ms] [WARNING] [intlify] Fall back to translate '人脉交际区' key with 'zh' locale. @ http://localhost:3001/node_modules/.vite/deps/vue-i18n.js?v=ab2b3089:59
[   17704ms] [WARNING] [intlify] Not found '人脉交际区' key in 'zh' locale messages. @ http://localhost:3001/node_modules/.vite/deps/vue-i18n.js?v=ab2b3089:59
[   17707ms] [WARNING] [intlify] Not found '缘系人信息' key in 'zh-cn' locale messages. @ http://localhost:3001/node_modules/.vite/deps/vue-i18n.js?v=ab2b3089:59
[   17707ms] [WARNING] [intlify] Fall back to translate '缘系人信息' key with 'zh' locale. @ http://localhost:3001/node_modules/.vite/deps/vue-i18n.js?v=ab2b3089:59
[   17708ms] [WARNING] [intlify] Not found '缘系人信息' key in 'zh' locale messages. @ http://localhost:3001/node_modules/.vite/deps/vue-i18n.js?v=ab2b3089:59
[   17709ms] [WARNING] [intlify] Not found '人际交流事件' key in 'zh-cn' locale messages. @ http://localhost:3001/node_modules/.vite/deps/vue-i18n.js?v=ab2b3089:59
[   17710ms] [WARNING] [intlify] Fall back to translate '人际交流事件' key with 'zh' locale. @ http://localhost:3001/node_modules/.vite/deps/vue-i18n.js?v=ab2b3089:59
[   17710ms] [WARNING] [intlify] Not found '人际交流事件' key in 'zh' locale messages. @ http://localhost:3001/node_modules/.vite/deps/vue-i18n.js?v=ab2b3089:59
[   17714ms] [WARNING] [intlify] Not found '人格拓扑测绘' key in 'zh-cn' locale messages. @ http://localhost:3001/node_modules/.vite/deps/vue-i18n.js?v=ab2b3089:59
[   17715ms] [WARNING] [intlify] Fall back to translate '人格拓扑测绘' key with 'zh' locale. @ http://localhost:3001/node_modules/.vite/deps/vue-i18n.js?v=ab2b3089:59
[   17715ms] [WARNING] [intlify] Not found '人格拓扑测绘' key in 'zh' locale messages. @ http://localhost:3001/node_modules/.vite/deps/vue-i18n.js?v=ab2b3089:59
[   17717ms] [WARNING] [intlify] Not found '想法闪停区' key in 'zh-cn' locale messages. @ http://localhost:3001/node_modules/.vite/deps/vue-i18n.js?v=ab2b3089:59
[   17718ms] [WARNING] [intlify] Fall back to translate '想法闪停区' key with 'zh' locale. @ http://localhost:3001/node_modules/.vite/deps/vue-i18n.js?v=ab2b3089:59
[   17718ms] [WARNING] [intlify] Not found '想法闪停区' key in 'zh' locale messages. @ http://localhost:3001/node_modules/.vite/deps/vue-i18n.js?v=ab2b3089:59
[   17721ms] [WARNING] [intlify] Not found '闪停光域' key in 'zh-cn' locale messages. @ http://localhost:3001/node_modules/.vite/deps/vue-i18n.js?v=ab2b3089:59
[   17721ms] [WARNING] [intlify] Fall back to translate '闪停光域' key with 'zh' locale. @ http://localhost:3001/node_modules/.vite/deps/vue-i18n.js?v=ab2b3089:59
[   17722ms] [WARNING] [intlify] Not found '闪停光域' key in 'zh' locale messages. @ http://localhost:3001/node_modules/.vite/deps/vue-i18n.js?v=ab2b3089:59
[   17723ms] [WARNING] [intlify] Not found '闪停暗房' key in 'zh-cn' locale messages. @ http://localhost:3001/node_modules/.vite/deps/vue-i18n.js?v=ab2b3089:59
[   17723ms] [WARNING] [intlify] Fall back to translate '闪停暗房' key with 'zh' locale. @ http://localhost:3001/node_modules/.vite/deps/vue-i18n.js?v=ab2b3089:59
[   17724ms] [WARNING] [intlify] Not found '闪停暗房' key in 'zh' locale messages. @ http://localhost:3001/node_modules/.vite/deps/vue-i18n.js?v=ab2b3089:59
[   17725ms] [WARNING] [intlify] Not found '闪停思维云图' key in 'zh-cn' locale messages. @ http://localhost:3001/node_modules/.vite/deps/vue-i18n.js?v=ab2b3089:59
[   17726ms] [WARNING] [intlify] Fall back to translate '闪停思维云图' key with 'zh' locale. @ http://localhost:3001/node_modules/.vite/deps/vue-i18n.js?v=ab2b3089:59
[   17726ms] [WARNING] [intlify] Not found '闪停思维云图' key in 'zh' locale messages. @ http://localhost:3001/node_modules/.vite/deps/vue-i18n.js?v=ab2b3089:59
[   17728ms] [WARNING] [intlify] Not found '试验开展区' key in 'zh-cn' locale messages. @ http://localhost:3001/node_modules/.vite/deps/vue-i18n.js?v=ab2b3089:59
[   17729ms] [WARNING] [intlify] Fall back to translate '试验开展区' key with 'zh' locale. @ http://localhost:3001/node_modules/.vite/deps/vue-i18n.js?v=ab2b3089:59
[   17730ms] [WARNING] [intlify] Not found '试验开展区' key in 'zh' locale messages. @ http://localhost:3001/node_modules/.vite/deps/vue-i18n.js?v=ab2b3089:59
[   17732ms] [WARNING] [intlify] Not found '生活试验开展' key in 'zh-cn' locale messages. @ http://localhost:3001/node_modules/.vite/deps/vue-i18n.js?v=ab2b3089:59
[   17732ms] [WARNING] [intlify] Fall back to translate '生活试验开展' key with 'zh' locale. @ http://localhost:3001/node_modules/.vite/deps/vue-i18n.js?v=ab2b3089:59
[   17733ms] [WARNING] [intlify] Not found '生活试验开展' key in 'zh' locale messages. @ http://localhost:3001/node_modules/.vite/deps/vue-i18n.js?v=ab2b3089:59
[   17734ms] [WARNING] [intlify] Not found '商业试验开展' key in 'zh-cn' locale messages. @ http://localhost:3001/node_modules/.vite/deps/vue-i18n.js?v=ab2b3089:59
[   17735ms] [WARNING] [intlify] Fall back to translate '商业试验开展' key with 'zh' locale. @ http://localhost:3001/node_modules/.vite/deps/vue-i18n.js?v=ab2b3089:59
[   17735ms] [WARNING] [intlify] Not found '商业试验开展' key in 'zh' locale messages. @ http://localhost:3001/node_modules/.vite/deps/vue-i18n.js?v=ab2b3089:59
[   17737ms] [WARNING] [intlify] Not found '人性试验开展' key in 'zh-cn' locale messages. @ http://localhost:3001/node_modules/.vite/deps/vue-i18n.js?v=ab2b3089:59
[   17738ms] [WARNING] [intlify] Fall back to translate '人性试验开展' key with 'zh' locale. @ http://localhost:3001/node_modules/.vite/deps/vue-i18n.js?v=ab2b3089:59
[   17738ms] [WARNING] [intlify] Not found '人性试验开展' key in 'zh' locale messages. @ http://localhost:3001/node_modules/.vite/deps/vue-i18n.js?v=ab2b3089:59
[   17740ms] [WARNING] [intlify] Not found '旁通试验开展' key in 'zh-cn' locale messages. @ http://localhost:3001/node_modules/.vite/deps/vue-i18n.js?v=ab2b3089:59
[   17740ms] [WARNING] [intlify] Fall back to translate '旁通试验开展' key with 'zh' locale. @ http://localhost:3001/node_modules/.vite/deps/vue-i18n.js?v=ab2b3089:59
[   17741ms] [WARNING] [intlify] Not found '旁通试验开展' key in 'zh' locale messages. @ http://localhost:3001/node_modules/.vite/deps/vue-i18n.js?v=ab2b3089:59
[   17742ms] [WARNING] [intlify] Not found '交易系统试验' key in 'zh-cn' locale messages. @ http://localhost:3001/node_modules/.vite/deps/vue-i18n.js?v=ab2b3089:59
[   17742ms] [WARNING] [intlify] Fall back to translate '交易系统试验' key with 'zh' locale. @ http://localhost:3001/node_modules/.vite/deps/vue-i18n.js?v=ab2b3089:59
[   17743ms] [WARNING] [intlify] Not found '交易系统试验' key in 'zh' locale messages. @ http://localhost:3001/node_modules/.vite/deps/vue-i18n.js?v=ab2b3089:59
[   17745ms] [WARNING] [intlify] Not found '个人观测区' key in 'zh-cn' locale messages. @ http://localhost:3001/node_modules/.vite/deps/vue-i18n.js?v=ab2b3089:59
[   17745ms] [WARNING] [intlify] Fall back to translate '个人观测区' key with 'zh' locale. @ http://localhost:3001/node_modules/.vite/deps/vue-i18n.js?v=ab2b3089:59
[   17745ms] [WARNING] [intlify] Not found '个人观测区' key in 'zh' locale messages. @ http://localhost:3001/node_modules/.vite/deps/vue-i18n.js?v=ab2b3089:59
[   17747ms] [WARNING] [intlify] Not found '基本情况观测' key in 'zh-cn' locale messages. @ http://localhost:3001/node_modules/.vite/deps/vue-i18n.js?v=ab2b3089:59
[   17748ms] [WARNING] [intlify] Fall back to translate '基本情况观测' key with 'zh' locale. @ http://localhost:3001/node_modules/.vite/deps/vue-i18n.js?v=ab2b3089:59
[   17748ms] [WARNING] [intlify] Not found '基本情况观测' key in 'zh' locale messages. @ http://localhost:3001/node_modules/.vite/deps/vue-i18n.js?v=ab2b3089:59
[   17750ms] [WARNING] [intlify] Not found '精神层面观测' key in 'zh-cn' locale messages. @ http://localhost:3001/node_modules/.vite/deps/vue-i18n.js?v=ab2b3089:59
[   17750ms] [WARNING] [intlify] Fall back to translate '精神层面观测' key with 'zh' locale. @ http://localhost:3001/node_modules/.vite/deps/vue-i18n.js?v=ab2b3089:59
[   17751ms] [WARNING] [intlify] Not found '精神层面观测' key in 'zh' locale messages. @ http://localhost:3001/node_modules/.vite/deps/vue-i18n.js?v=ab2b3089:59
[   17753ms] [WARNING] [intlify] Not found '知识层面观测' key in 'zh-cn' locale messages. @ http://localhost:3001/node_modules/.vite/deps/vue-i18n.js?v=ab2b3089:59
[   17754ms] [WARNING] [intlify] Fall back to translate '知识层面观测' key with 'zh' locale. @ http://localhost:3001/node_modules/.vite/deps/vue-i18n.js?v=ab2b3089:59
[   17754ms] [WARNING] [intlify] Not found '知识层面观测' key in 'zh' locale messages. @ http://localhost:3001/node_modules/.vite/deps/vue-i18n.js?v=ab2b3089:59
[   17756ms] [WARNING] [intlify] Not found '资产动态观测' key in 'zh-cn' locale messages. @ http://localhost:3001/node_modules/.vite/deps/vue-i18n.js?v=ab2b3089:59
[   17757ms] [WARNING] [intlify] Fall back to translate '资产动态观测' key with 'zh' locale. @ http://localhost:3001/node_modules/.vite/deps/vue-i18n.js?v=ab2b3089:59
[   17757ms] [WARNING] [intlify] Not found '资产动态观测' key in 'zh' locale messages. @ http://localhost:3001/node_modules/.vite/deps/vue-i18n.js?v=ab2b3089:59
[   17759ms] [WARNING] [intlify] Not found '人际关系观测' key in 'zh-cn' locale messages. @ http://localhost:3001/node_modules/.vite/deps/vue-i18n.js?v=ab2b3089:59
[   17760ms] [WARNING] [intlify] Fall back to translate '人际关系观测' key with 'zh' locale. @ http://localhost:3001/node_modules/.vite/deps/vue-i18n.js?v=ab2b3089:59
[   17760ms] [WARNING] [intlify] Not found '人际关系观测' key in 'zh' locale messages. @ http://localhost:3001/node_modules/.vite/deps/vue-i18n.js?v=ab2b3089:59
[   17766ms] [WARNING] [intlify] Not found '交易系统试验' key in 'zh-cn' locale messages. @ http://localhost:3001/node_modules/.vite/deps/vue-i18n.js?v=ab2b3089:59
[   17766ms] [WARNING] [intlify] Fall back to translate '交易系统试验' key with 'zh' locale. @ http://localhost:3001/node_modules/.vite/deps/vue-i18n.js?v=ab2b3089:59
[   17767ms] [WARNING] [intlify] Not found '交易系统试验' key in 'zh' locale messages. @ http://localhost:3001/node_modules/.vite/deps/vue-i18n.js?v=ab2b3089:59
[   17769ms] [WARNING] [intlify] Not found '首页' key in 'zh-cn' locale messages. @ http://localhost:3001/node_modules/.vite/deps/vue-i18n.js?v=ab2b3089:59
[   17770ms] [WARNING] [intlify] Fall back to translate '首页' key with 'zh' locale. @ http://localhost:3001/node_modules/.vite/deps/vue-i18n.js?v=ab2b3089:59
[   17770ms] [WARNING] [intlify] Not found '首页' key in 'zh' locale messages. @ http://localhost:3001/node_modules/.vite/deps/vue-i18n.js?v=ab2b3089:59
[   17771ms] [WARNING] [intlify] Not found '试验开展区' key in 'zh-cn' locale messages. @ http://localhost:3001/node_modules/.vite/deps/vue-i18n.js?v=ab2b3089:59
[   17771ms] [WARNING] [intlify] Fall back to translate '试验开展区' key with 'zh' locale. @ http://localhost:3001/node_modules/.vite/deps/vue-i18n.js?v=ab2b3089:59
[   17772ms] [WARNING] [intlify] Not found '试验开展区' key in 'zh' locale messages. @ http://localhost:3001/node_modules/.vite/deps/vue-i18n.js?v=ab2b3089:59
[   17772ms] [WARNING] [intlify] Not found '交易系统试验' key in 'zh-cn' locale messages. @ http://localhost:3001/node_modules/.vite/deps/vue-i18n.js?v=ab2b3089:59
[   17773ms] [WARNING] [intlify] Fall back to translate '交易系统试验' key with 'zh' locale. @ http://localhost:3001/node_modules/.vite/deps/vue-i18n.js?v=ab2b3089:59
[   17773ms] [WARNING] [intlify] Not found '交易系统试验' key in 'zh' locale messages. @ http://localhost:3001/node_modules/.vite/deps/vue-i18n.js?v=ab2b3089:59
[   17783ms] [WARNING] ElementPlusError: [el-dialog] [Attribute] custom-class is about to be deprecated in version 2.3.0, please use class instead.
For more detail, please visit: https://element-plus.org/en-US/component/dialog.html#attributes

    at debugWarn (http://localhost:3001/node_modules/.vite/deps/element-plus.js?v=ab2b3089:9333:37)
    at watch.immediate (http://localhost:3001/node_modules/.vite/deps/element-plus.js?v=ab2b3089:9906:7)
    at callWithErrorHandling (http://localhost:3001/node_modules/.vite/deps/chunk-R7DEWAWQ.js?v=ab2b3089:1350:18)
    at callWithAsyncErrorHandling (http://localhost:3001/node_modules/.vite/deps/chunk-R7DEWAWQ.js?v=ab2b3089:1358:17)
    at job (http://localhost:3001/node_modules/.vite/deps/chunk-R7DEWAWQ.js?v=ab2b3089:2619:9)
    at doWatch (http://localhost:3001/node_modules/.vite/deps/chunk-R7DEWAWQ.js?v=ab2b3089:2652:7)
    at watch (http://localhost:3001/node_modules/.vite/deps/chunk-R7DEWAWQ.js?v=ab2b3089:2529:10)
    at useDeprecated (http://localhost:3001/node_modules/.vite/deps/element-plus.js?v=ab2b3089:9904:3)
    at setup (http://localhost:3001/node_modules/.vite/deps/element-plus.js?v=ab2b3089:27767:5)
    at callWithErrorHandling (http://localhost:3001/node_modules/.vite/deps/chunk-R7DEWAWQ.js?v=ab2b3089:1350:18) @ http://localhost:3001/node_modules/.vite/deps/element-plus.js?v=ab2b3089:9333
[   17805ms] [WARNING] [intlify] Not found '交易系统试验' key in 'zh-cn' locale messages. @ http://localhost:3001/node_modules/.vite/deps/vue-i18n.js?v=ab2b3089:59
[   17805ms] [WARNING] [intlify] Fall back to translate '交易系统试验' key with 'zh' locale. @ http://localhost:3001/node_modules/.vite/deps/vue-i18n.js?v=ab2b3089:59
[   17805ms] [WARNING] [intlify] Not found '交易系统试验' key in 'zh' locale messages. @ http://localhost:3001/node_modules/.vite/deps/vue-i18n.js?v=ab2b3089:59
[   18016ms] [WARNING] [intlify] Not found '交易系统试验' key in 'zh-cn' locale messages. @ http://localhost:3001/node_modules/.vite/deps/vue-i18n.js?v=ab2b3089:59
[   18017ms] [WARNING] [intlify] Fall back to translate '交易系统试验' key with 'zh' locale. @ http://localhost:3001/node_modules/.vite/deps/vue-i18n.js?v=ab2b3089:59
[   18017ms] [WARNING] [intlify] Not found '交易系统试验' key in 'zh' locale messages. @ http://localhost:3001/node_modules/.vite/deps/vue-i18n.js?v=ab2b3089:59
[   18052ms] [ERROR] Failed to load resource: the server responded with a status of 404 (Not Found) @ http://localhost:3001/src/assets/memory/background.gif:0
[   20059ms] [ERROR] Failed to load resource: net::ERR_CONNECTION_REFUSED @ http://127.0.0.1:9000/srhwzzqdn-bucket/20250615/26e0e467b68145078ea3e3308de0fefd%E4%B8%BB%E8%A7%92%E8%90%A7%E9%BA%9F.png:0
[   25878ms] [WARNING] ElementPlusError: [props] [API] type.text is about to be deprecated in version 3.0.0, please use link instead.
For more detail, please visit: https://element-plus.org/en-US/component/button.html#button-attributes

    at debugWarn (http://localhost:3001/node_modules/.vite/deps/element-plus.js?v=ab2b3089:9333:37)
    at watch.immediate (http://localhost:3001/node_modules/.vite/deps/element-plus.js?v=ab2b3089:9906:7)
    at callWithErrorHandling (http://localhost:3001/node_modules/.vite/deps/chunk-R7DEWAWQ.js?v=ab2b3089:1350:18)
    at callWithAsyncErrorHandling (http://localhost:3001/node_modules/.vite/deps/chunk-R7DEWAWQ.js?v=ab2b3089:1358:17)
    at job (http://localhost:3001/node_modules/.vite/deps/chunk-R7DEWAWQ.js?v=ab2b3089:2619:9)
    at doWatch (http://localhost:3001/node_modules/.vite/deps/chunk-R7DEWAWQ.js?v=ab2b3089:2652:7)
    at watch (http://localhost:3001/node_modules/.vite/deps/chunk-R7DEWAWQ.js?v=ab2b3089:2529:10)
    at useDeprecated (http://localhost:3001/node_modules/.vite/deps/element-plus.js?v=ab2b3089:9904:3)
    at setup (http://localhost:3001/node_modules/.vite/deps/element-plus.js?v=ab2b3089:16958:5)
    at callWithErrorHandling (http://localhost:3001/node_modules/.vite/deps/chunk-R7DEWAWQ.js?v=ab2b3089:1350:18) @ http://localhost:3001/node_modules/.vite/deps/element-plus.js?v=ab2b3089:9333
