[  205128ms] [LOG] [vite] connecting... @ http://localhost:3001/@vite/client:183
[  205436ms] [LOG] [vite] connected. @ http://localhost:3001/@vite/client:211
[  205458ms] [WARNING] You are running the esm-bundler build of vue-i18n. It is recommended to configure your bundler to explicitly replace feature flag globals with boolean literals to get proper tree-shaking in the final bundle. @ http://localhost:3001/node_modules/.vite/deps/vue-i18n.js?v=f30033ef:2577
[  210775ms] [WARNING] [intlify] Not found 'login.logging' key in 'zh-cn' locale messages. @ http://localhost:3001/node_modules/.vite/deps/vue-i18n.js?v=f30033ef:59
[  210776ms] [WARNING] [intlify] Fall back to translate 'login.logging' key with 'zh' locale. @ http://localhost:3001/node_modules/.vite/deps/vue-i18n.js?v=f30033ef:59
[  210776ms] [WARNING] [intlify] Not found 'login.logging' key in 'zh' locale messages. @ http://localhost:3001/node_modules/.vite/deps/vue-i18n.js?v=f30033ef:59
[  210899ms] [WARNING] [Vue Router warn]: Cannot remove non-existent route "test" @ http://localhost:3001/node_modules/.vite/deps/vue-router.js?v=f30033ef:42
[  210899ms] [WARNING] [Vue Router warn]: Cannot remove non-existent route "system" @ http://localhost:3001/node_modules/.vite/deps/vue-router.js?v=f30033ef:42
[  210899ms] [WARNING] [Vue Router warn]: Cannot remove non-existent route "memoryReceptionArea" @ http://localhost:3001/node_modules/.vite/deps/vue-router.js?v=f30033ef:42
[  210899ms] [WARNING] [Vue Router warn]: Cannot remove non-existent route "memoryEngramRegion" @ http://localhost:3001/node_modules/.vite/deps/vue-router.js?v=f30033ef:42
[  210899ms] [WARNING] [Vue Router warn]: Cannot remove non-existent route "knowledgeBuildArea" @ http://localhost:3001/node_modules/.vite/deps/vue-router.js?v=f30033ef:42
[  210900ms] [WARNING] [Vue Router warn]: Cannot remove non-existent route "knowledgeExtractArea" @ http://localhost:3001/node_modules/.vite/deps/vue-router.js?v=f30033ef:42
[  210900ms] [WARNING] [Vue Router warn]: Cannot remove non-existent route "firmWorldviewArea" @ http://localhost:3001/node_modules/.vite/deps/vue-router.js?v=f30033ef:42
[  210900ms] [WARNING] [Vue Router warn]: Cannot remove non-existent route "futurePlanArea" @ http://localhost:3001/node_modules/.vite/deps/vue-router.js?v=f30033ef:42
[  210900ms] [WARNING] [Vue Router warn]: Cannot remove non-existent route "assetControlArea" @ http://localhost:3001/node_modules/.vite/deps/vue-router.js?v=f30033ef:42
[  210900ms] [WARNING] [Vue Router warn]: Cannot remove non-existent route "socialConnectionsArea" @ http://localhost:3001/node_modules/.vite/deps/vue-router.js?v=f30033ef:42
[  210900ms] [WARNING] [Vue Router warn]: Cannot remove non-existent route "thoughtFlashArea" @ http://localhost:3001/node_modules/.vite/deps/vue-router.js?v=f30033ef:42
[  210900ms] [WARNING] [Vue Router warn]: Cannot remove non-existent route "trialExecutionArea" @ http://localhost:3001/node_modules/.vite/deps/vue-router.js?v=f30033ef:42
[  210900ms] [WARNING] [Vue Router warn]: Cannot remove non-existent route "personalObservationArea" @ http://localhost:3001/node_modules/.vite/deps/vue-router.js?v=f30033ef:42
[  213325ms] [WARNING] [intlify] Not found '大脑管理' key in 'zh-cn' locale messages. @ http://localhost:3001/node_modules/.vite/deps/vue-i18n.js?v=f30033ef:59
[  213326ms] [WARNING] [intlify] Fall back to translate '大脑管理' key with 'zh' locale. @ http://localhost:3001/node_modules/.vite/deps/vue-i18n.js?v=f30033ef:59
[  213326ms] [WARNING] [intlify] Not found '大脑管理' key in 'zh' locale messages. @ http://localhost:3001/node_modules/.vite/deps/vue-i18n.js?v=f30033ef:59
[  213330ms] [WARNING] [intlify] Not found '账号管理' key in 'zh-cn' locale messages. @ http://localhost:3001/node_modules/.vite/deps/vue-i18n.js?v=f30033ef:59
[  213331ms] [WARNING] [intlify] Fall back to translate '账号管理' key with 'zh' locale. @ http://localhost:3001/node_modules/.vite/deps/vue-i18n.js?v=f30033ef:59
[  213331ms] [WARNING] [intlify] Not found '账号管理' key in 'zh' locale messages. @ http://localhost:3001/node_modules/.vite/deps/vue-i18n.js?v=f30033ef:59
[  213333ms] [WARNING] [intlify] Not found '角色管理' key in 'zh-cn' locale messages. @ http://localhost:3001/node_modules/.vite/deps/vue-i18n.js?v=f30033ef:59
[  213334ms] [WARNING] [intlify] Fall back to translate '角色管理' key with 'zh' locale. @ http://localhost:3001/node_modules/.vite/deps/vue-i18n.js?v=f30033ef:59
[  213335ms] [WARNING] [intlify] Not found '角色管理' key in 'zh' locale messages. @ http://localhost:3001/node_modules/.vite/deps/vue-i18n.js?v=f30033ef:59
[  213337ms] [WARNING] [intlify] Not found '大脑结构管理' key in 'zh-cn' locale messages. @ http://localhost:3001/node_modules/.vite/deps/vue-i18n.js?v=f30033ef:59
[  213338ms] [WARNING] [intlify] Fall back to translate '大脑结构管理' key with 'zh' locale. @ http://localhost:3001/node_modules/.vite/deps/vue-i18n.js?v=f30033ef:59
[  213339ms] [WARNING] [intlify] Not found '大脑结构管理' key in 'zh' locale messages. @ http://localhost:3001/node_modules/.vite/deps/vue-i18n.js?v=f30033ef:59
[  213340ms] [WARNING] [intlify] Not found '大脑字典' key in 'zh-cn' locale messages. @ http://localhost:3001/node_modules/.vite/deps/vue-i18n.js?v=f30033ef:59
[  213341ms] [WARNING] [intlify] Fall back to translate '大脑字典' key with 'zh' locale. @ http://localhost:3001/node_modules/.vite/deps/vue-i18n.js?v=f30033ef:59
[  213341ms] [WARNING] [intlify] Not found '大脑字典' key in 'zh' locale messages. @ http://localhost:3001/node_modules/.vite/deps/vue-i18n.js?v=f30033ef:59
[  213343ms] [WARNING] [intlify] Not found '记忆接收区' key in 'zh-cn' locale messages. @ http://localhost:3001/node_modules/.vite/deps/vue-i18n.js?v=f30033ef:59
[  213343ms] [WARNING] [intlify] Fall back to translate '记忆接收区' key with 'zh' locale. @ http://localhost:3001/node_modules/.vite/deps/vue-i18n.js?v=f30033ef:59
[  213344ms] [WARNING] [intlify] Not found '记忆接收区' key in 'zh' locale messages. @ http://localhost:3001/node_modules/.vite/deps/vue-i18n.js?v=f30033ef:59
[  213346ms] [WARNING] [intlify] Not found '原始记忆接入' key in 'zh-cn' locale messages. @ http://localhost:3001/node_modules/.vite/deps/vue-i18n.js?v=f30033ef:59
[  213346ms] [WARNING] [intlify] Fall back to translate '原始记忆接入' key with 'zh' locale. @ http://localhost:3001/node_modules/.vite/deps/vue-i18n.js?v=f30033ef:59
[  213347ms] [WARNING] [intlify] Not found '原始记忆接入' key in 'zh' locale messages. @ http://localhost:3001/node_modules/.vite/deps/vue-i18n.js?v=f30033ef:59
[  213348ms] [WARNING] [intlify] Not found '工作记忆接入' key in 'zh-cn' locale messages. @ http://localhost:3001/node_modules/.vite/deps/vue-i18n.js?v=f30033ef:59
[  213348ms] [WARNING] [intlify] Fall back to translate '工作记忆接入' key with 'zh' locale. @ http://localhost:3001/node_modules/.vite/deps/vue-i18n.js?v=f30033ef:59
[  213349ms] [WARNING] [intlify] Not found '工作记忆接入' key in 'zh' locale messages. @ http://localhost:3001/node_modules/.vite/deps/vue-i18n.js?v=f30033ef:59
[  213351ms] [WARNING] [intlify] Not found '生活记忆接入' key in 'zh-cn' locale messages. @ http://localhost:3001/node_modules/.vite/deps/vue-i18n.js?v=f30033ef:59
[  213351ms] [WARNING] [intlify] Fall back to translate '生活记忆接入' key with 'zh' locale. @ http://localhost:3001/node_modules/.vite/deps/vue-i18n.js?v=f30033ef:59
[  213352ms] [WARNING] [intlify] Not found '生活记忆接入' key in 'zh' locale messages. @ http://localhost:3001/node_modules/.vite/deps/vue-i18n.js?v=f30033ef:59
[  213353ms] [WARNING] [intlify] Not found '娱乐记忆接入' key in 'zh-cn' locale messages. @ http://localhost:3001/node_modules/.vite/deps/vue-i18n.js?v=f30033ef:59
[  213354ms] [WARNING] [intlify] Fall back to translate '娱乐记忆接入' key with 'zh' locale. @ http://localhost:3001/node_modules/.vite/deps/vue-i18n.js?v=f30033ef:59
[  213354ms] [WARNING] [intlify] Not found '娱乐记忆接入' key in 'zh' locale messages. @ http://localhost:3001/node_modules/.vite/deps/vue-i18n.js?v=f30033ef:59
[  213356ms] [WARNING] [intlify] Not found '交际记忆接入' key in 'zh-cn' locale messages. @ http://localhost:3001/node_modules/.vite/deps/vue-i18n.js?v=f30033ef:59
[  213356ms] [WARNING] [intlify] Fall back to translate '交际记忆接入' key with 'zh' locale. @ http://localhost:3001/node_modules/.vite/deps/vue-i18n.js?v=f30033ef:59
[  213356ms] [WARNING] [intlify] Not found '交际记忆接入' key in 'zh' locale messages. @ http://localhost:3001/node_modules/.vite/deps/vue-i18n.js?v=f30033ef:59
[  213357ms] [WARNING] [intlify] Not found '学习记忆接入' key in 'zh-cn' locale messages. @ http://localhost:3001/node_modules/.vite/deps/vue-i18n.js?v=f30033ef:59
[  213358ms] [WARNING] [intlify] Fall back to translate '学习记忆接入' key with 'zh' locale. @ http://localhost:3001/node_modules/.vite/deps/vue-i18n.js?v=f30033ef:59
[  213358ms] [WARNING] [intlify] Not found '学习记忆接入' key in 'zh' locale messages. @ http://localhost:3001/node_modules/.vite/deps/vue-i18n.js?v=f30033ef:59
[  213359ms] [WARNING] [intlify] Not found '记忆铭纂区' key in 'zh-cn' locale messages. @ http://localhost:3001/node_modules/.vite/deps/vue-i18n.js?v=f30033ef:59
[  213360ms] [WARNING] [intlify] Fall back to translate '记忆铭纂区' key with 'zh' locale. @ http://localhost:3001/node_modules/.vite/deps/vue-i18n.js?v=f30033ef:59
[  213360ms] [WARNING] [intlify] Not found '记忆铭纂区' key in 'zh' locale messages. @ http://localhost:3001/node_modules/.vite/deps/vue-i18n.js?v=f30033ef:59
[  213361ms] [WARNING] [intlify] Not found '原始记忆铭纂' key in 'zh-cn' locale messages. @ http://localhost:3001/node_modules/.vite/deps/vue-i18n.js?v=f30033ef:59
[  213362ms] [WARNING] [intlify] Fall back to translate '原始记忆铭纂' key with 'zh' locale. @ http://localhost:3001/node_modules/.vite/deps/vue-i18n.js?v=f30033ef:59
[  213362ms] [WARNING] [intlify] Not found '原始记忆铭纂' key in 'zh' locale messages. @ http://localhost:3001/node_modules/.vite/deps/vue-i18n.js?v=f30033ef:59
[  213363ms] [WARNING] [intlify] Not found '工作记忆铭纂' key in 'zh-cn' locale messages. @ http://localhost:3001/node_modules/.vite/deps/vue-i18n.js?v=f30033ef:59
[  213363ms] [WARNING] [intlify] Fall back to translate '工作记忆铭纂' key with 'zh' locale. @ http://localhost:3001/node_modules/.vite/deps/vue-i18n.js?v=f30033ef:59
[  213364ms] [WARNING] [intlify] Not found '工作记忆铭纂' key in 'zh' locale messages. @ http://localhost:3001/node_modules/.vite/deps/vue-i18n.js?v=f30033ef:59
[  213365ms] [WARNING] [intlify] Not found '生活记忆铭纂' key in 'zh-cn' locale messages. @ http://localhost:3001/node_modules/.vite/deps/vue-i18n.js?v=f30033ef:59
[  213366ms] [WARNING] [intlify] Fall back to translate '生活记忆铭纂' key with 'zh' locale. @ http://localhost:3001/node_modules/.vite/deps/vue-i18n.js?v=f30033ef:59
[  213366ms] [WARNING] [intlify] Not found '生活记忆铭纂' key in 'zh' locale messages. @ http://localhost:3001/node_modules/.vite/deps/vue-i18n.js?v=f30033ef:59
[  213367ms] [WARNING] [intlify] Not found '娱乐记忆铭纂' key in 'zh-cn' locale messages. @ http://localhost:3001/node_modules/.vite/deps/vue-i18n.js?v=f30033ef:59
[  213368ms] [WARNING] [intlify] Fall back to translate '娱乐记忆铭纂' key with 'zh' locale. @ http://localhost:3001/node_modules/.vite/deps/vue-i18n.js?v=f30033ef:59
[  213369ms] [WARNING] [intlify] Not found '娱乐记忆铭纂' key in 'zh' locale messages. @ http://localhost:3001/node_modules/.vite/deps/vue-i18n.js?v=f30033ef:59
[  213371ms] [WARNING] [intlify] Not found '交际记忆铭纂' key in 'zh-cn' locale messages. @ http://localhost:3001/node_modules/.vite/deps/vue-i18n.js?v=f30033ef:59
[  213371ms] [WARNING] [intlify] Fall back to translate '交际记忆铭纂' key with 'zh' locale. @ http://localhost:3001/node_modules/.vite/deps/vue-i18n.js?v=f30033ef:59
[  213372ms] [WARNING] [intlify] Not found '交际记忆铭纂' key in 'zh' locale messages. @ http://localhost:3001/node_modules/.vite/deps/vue-i18n.js?v=f30033ef:59
[  213373ms] [WARNING] [intlify] Not found '学习记忆铭纂' key in 'zh-cn' locale messages. @ http://localhost:3001/node_modules/.vite/deps/vue-i18n.js?v=f30033ef:59
[  213373ms] [WARNING] [intlify] Fall back to translate '学习记忆铭纂' key with 'zh' locale. @ http://localhost:3001/node_modules/.vite/deps/vue-i18n.js?v=f30033ef:59
[  213374ms] [WARNING] [intlify] Not found '学习记忆铭纂' key in 'zh' locale messages. @ http://localhost:3001/node_modules/.vite/deps/vue-i18n.js?v=f30033ef:59
[  213375ms] [WARNING] [intlify] Not found '知识构建区' key in 'zh-cn' locale messages. @ http://localhost:3001/node_modules/.vite/deps/vue-i18n.js?v=f30033ef:59
[  213375ms] [WARNING] [intlify] Fall back to translate '知识构建区' key with 'zh' locale. @ http://localhost:3001/node_modules/.vite/deps/vue-i18n.js?v=f30033ef:59
[  213376ms] [WARNING] [intlify] Not found '知识构建区' key in 'zh' locale messages. @ http://localhost:3001/node_modules/.vite/deps/vue-i18n.js?v=f30033ef:59
[  213377ms] [WARNING] [intlify] Not found '常识知识构建' key in 'zh-cn' locale messages. @ http://localhost:3001/node_modules/.vite/deps/vue-i18n.js?v=f30033ef:59
[  213378ms] [WARNING] [intlify] Fall back to translate '常识知识构建' key with 'zh' locale. @ http://localhost:3001/node_modules/.vite/deps/vue-i18n.js?v=f30033ef:59
[  213378ms] [WARNING] [intlify] Not found '常识知识构建' key in 'zh' locale messages. @ http://localhost:3001/node_modules/.vite/deps/vue-i18n.js?v=f30033ef:59
[  213379ms] [WARNING] [intlify] Not found '工作知识构建' key in 'zh-cn' locale messages. @ http://localhost:3001/node_modules/.vite/deps/vue-i18n.js?v=f30033ef:59
[  213380ms] [WARNING] [intlify] Fall back to translate '工作知识构建' key with 'zh' locale. @ http://localhost:3001/node_modules/.vite/deps/vue-i18n.js?v=f30033ef:59
[  213380ms] [WARNING] [intlify] Not found '工作知识构建' key in 'zh' locale messages. @ http://localhost:3001/node_modules/.vite/deps/vue-i18n.js?v=f30033ef:59
[  213381ms] [WARNING] [intlify] Not found '交际知识构建' key in 'zh-cn' locale messages. @ http://localhost:3001/node_modules/.vite/deps/vue-i18n.js?v=f30033ef:59
[  213381ms] [WARNING] [intlify] Fall back to translate '交际知识构建' key with 'zh' locale. @ http://localhost:3001/node_modules/.vite/deps/vue-i18n.js?v=f30033ef:59
[  213382ms] [WARNING] [intlify] Not found '交际知识构建' key in 'zh' locale messages. @ http://localhost:3001/node_modules/.vite/deps/vue-i18n.js?v=f30033ef:59
[  213382ms] [WARNING] [intlify] Not found '文化知识构建' key in 'zh-cn' locale messages. @ http://localhost:3001/node_modules/.vite/deps/vue-i18n.js?v=f30033ef:59
[  213383ms] [WARNING] [intlify] Fall back to translate '文化知识构建' key with 'zh' locale. @ http://localhost:3001/node_modules/.vite/deps/vue-i18n.js?v=f30033ef:59
[  213383ms] [WARNING] [intlify] Not found '文化知识构建' key in 'zh' locale messages. @ http://localhost:3001/node_modules/.vite/deps/vue-i18n.js?v=f30033ef:59
[  213385ms] [WARNING] [intlify] Not found '旁通知识构建' key in 'zh-cn' locale messages. @ http://localhost:3001/node_modules/.vite/deps/vue-i18n.js?v=f30033ef:59
[  213386ms] [WARNING] [intlify] Fall back to translate '旁通知识构建' key with 'zh' locale. @ http://localhost:3001/node_modules/.vite/deps/vue-i18n.js?v=f30033ef:59
[  213386ms] [WARNING] [intlify] Not found '旁通知识构建' key in 'zh' locale messages. @ http://localhost:3001/node_modules/.vite/deps/vue-i18n.js?v=f30033ef:59
[  213389ms] [WARNING] [intlify] Not found '知识提取区' key in 'zh-cn' locale messages. @ http://localhost:3001/node_modules/.vite/deps/vue-i18n.js?v=f30033ef:59
[  213390ms] [WARNING] [intlify] Fall back to translate '知识提取区' key with 'zh' locale. @ http://localhost:3001/node_modules/.vite/deps/vue-i18n.js?v=f30033ef:59
[  213390ms] [WARNING] [intlify] Not found '知识提取区' key in 'zh' locale messages. @ http://localhost:3001/node_modules/.vite/deps/vue-i18n.js?v=f30033ef:59
[  213392ms] [WARNING] [intlify] Not found '常识知识提取' key in 'zh-cn' locale messages. @ http://localhost:3001/node_modules/.vite/deps/vue-i18n.js?v=f30033ef:59
[  213393ms] [WARNING] [intlify] Fall back to translate '常识知识提取' key with 'zh' locale. @ http://localhost:3001/node_modules/.vite/deps/vue-i18n.js?v=f30033ef:59
[  213393ms] [WARNING] [intlify] Not found '常识知识提取' key in 'zh' locale messages. @ http://localhost:3001/node_modules/.vite/deps/vue-i18n.js?v=f30033ef:59
[  213394ms] [WARNING] [intlify] Not found '工作知识提取' key in 'zh-cn' locale messages. @ http://localhost:3001/node_modules/.vite/deps/vue-i18n.js?v=f30033ef:59
[  213395ms] [WARNING] [intlify] Fall back to translate '工作知识提取' key with 'zh' locale. @ http://localhost:3001/node_modules/.vite/deps/vue-i18n.js?v=f30033ef:59
[  213396ms] [WARNING] [intlify] Not found '工作知识提取' key in 'zh' locale messages. @ http://localhost:3001/node_modules/.vite/deps/vue-i18n.js?v=f30033ef:59
[  213397ms] [WARNING] [intlify] Not found '交际知识提取' key in 'zh-cn' locale messages. @ http://localhost:3001/node_modules/.vite/deps/vue-i18n.js?v=f30033ef:59
[  213397ms] [WARNING] [intlify] Fall back to translate '交际知识提取' key with 'zh' locale. @ http://localhost:3001/node_modules/.vite/deps/vue-i18n.js?v=f30033ef:59
[  213397ms] [WARNING] [intlify] Not found '交际知识提取' key in 'zh' locale messages. @ http://localhost:3001/node_modules/.vite/deps/vue-i18n.js?v=f30033ef:59
[  213398ms] [WARNING] [intlify] Not found '文化知识提取' key in 'zh-cn' locale messages. @ http://localhost:3001/node_modules/.vite/deps/vue-i18n.js?v=f30033ef:59
[  213399ms] [WARNING] [intlify] Fall back to translate '文化知识提取' key with 'zh' locale. @ http://localhost:3001/node_modules/.vite/deps/vue-i18n.js?v=f30033ef:59
[  213399ms] [WARNING] [intlify] Not found '文化知识提取' key in 'zh' locale messages. @ http://localhost:3001/node_modules/.vite/deps/vue-i18n.js?v=f30033ef:59
[  213400ms] [WARNING] [intlify] Not found '旁通知识提取' key in 'zh-cn' locale messages. @ http://localhost:3001/node_modules/.vite/deps/vue-i18n.js?v=f30033ef:59
[  213401ms] [WARNING] [intlify] Fall back to translate '旁通知识提取' key with 'zh' locale. @ http://localhost:3001/node_modules/.vite/deps/vue-i18n.js?v=f30033ef:59
[  213402ms] [WARNING] [intlify] Not found '旁通知识提取' key in 'zh' locale messages. @ http://localhost:3001/node_modules/.vite/deps/vue-i18n.js?v=f30033ef:59
[  213403ms] [WARNING] [intlify] Not found '三观稳固区' key in 'zh-cn' locale messages. @ http://localhost:3001/node_modules/.vite/deps/vue-i18n.js?v=f30033ef:59
[  213403ms] [WARNING] [intlify] Fall back to translate '三观稳固区' key with 'zh' locale. @ http://localhost:3001/node_modules/.vite/deps/vue-i18n.js?v=f30033ef:59
[  213404ms] [WARNING] [intlify] Not found '三观稳固区' key in 'zh' locale messages. @ http://localhost:3001/node_modules/.vite/deps/vue-i18n.js?v=f30033ef:59
[  213405ms] [WARNING] [intlify] Not found '精神拓扑构建' key in 'zh-cn' locale messages. @ http://localhost:3001/node_modules/.vite/deps/vue-i18n.js?v=f30033ef:59
[  213406ms] [WARNING] [intlify] Fall back to translate '精神拓扑构建' key with 'zh' locale. @ http://localhost:3001/node_modules/.vite/deps/vue-i18n.js?v=f30033ef:59
[  213408ms] [WARNING] [intlify] Not found '精神拓扑构建' key in 'zh' locale messages. @ http://localhost:3001/node_modules/.vite/deps/vue-i18n.js?v=f30033ef:59
[  213410ms] [WARNING] [intlify] Not found '三观聚类分析' key in 'zh-cn' locale messages. @ http://localhost:3001/node_modules/.vite/deps/vue-i18n.js?v=f30033ef:59
[  213410ms] [WARNING] [intlify] Fall back to translate '三观聚类分析' key with 'zh' locale. @ http://localhost:3001/node_modules/.vite/deps/vue-i18n.js?v=f30033ef:59
[  213411ms] [WARNING] [intlify] Not found '三观聚类分析' key in 'zh' locale messages. @ http://localhost:3001/node_modules/.vite/deps/vue-i18n.js?v=f30033ef:59
[  213412ms] [WARNING] [intlify] Not found '未来规划区' key in 'zh-cn' locale messages. @ http://localhost:3001/node_modules/.vite/deps/vue-i18n.js?v=f30033ef:59
[  213412ms] [WARNING] [intlify] Fall back to translate '未来规划区' key with 'zh' locale. @ http://localhost:3001/node_modules/.vite/deps/vue-i18n.js?v=f30033ef:59
[  213413ms] [WARNING] [intlify] Not found '未来规划区' key in 'zh' locale messages. @ http://localhost:3001/node_modules/.vite/deps/vue-i18n.js?v=f30033ef:59
[  213415ms] [WARNING] [intlify] Not found '职业发展规划' key in 'zh-cn' locale messages. @ http://localhost:3001/node_modules/.vite/deps/vue-i18n.js?v=f30033ef:59
[  213415ms] [WARNING] [intlify] Fall back to translate '职业发展规划' key with 'zh' locale. @ http://localhost:3001/node_modules/.vite/deps/vue-i18n.js?v=f30033ef:59
[  213416ms] [WARNING] [intlify] Not found '职业发展规划' key in 'zh' locale messages. @ http://localhost:3001/node_modules/.vite/deps/vue-i18n.js?v=f30033ef:59
[  213417ms] [WARNING] [intlify] Not found '学习成长规划' key in 'zh-cn' locale messages. @ http://localhost:3001/node_modules/.vite/deps/vue-i18n.js?v=f30033ef:59
[  213418ms] [WARNING] [intlify] Fall back to translate '学习成长规划' key with 'zh' locale. @ http://localhost:3001/node_modules/.vite/deps/vue-i18n.js?v=f30033ef:59
[  213418ms] [WARNING] [intlify] Not found '学习成长规划' key in 'zh' locale messages. @ http://localhost:3001/node_modules/.vite/deps/vue-i18n.js?v=f30033ef:59
[  213419ms] [WARNING] [intlify] Not found '生活管理规划' key in 'zh-cn' locale messages. @ http://localhost:3001/node_modules/.vite/deps/vue-i18n.js?v=f30033ef:59
[  213420ms] [WARNING] [intlify] Fall back to translate '生活管理规划' key with 'zh' locale. @ http://localhost:3001/node_modules/.vite/deps/vue-i18n.js?v=f30033ef:59
[  213420ms] [WARNING] [intlify] Not found '生活管理规划' key in 'zh' locale messages. @ http://localhost:3001/node_modules/.vite/deps/vue-i18n.js?v=f30033ef:59
[  213421ms] [WARNING] [intlify] Not found '财务金融规划' key in 'zh-cn' locale messages. @ http://localhost:3001/node_modules/.vite/deps/vue-i18n.js?v=f30033ef:59
[  213422ms] [WARNING] [intlify] Fall back to translate '财务金融规划' key with 'zh' locale. @ http://localhost:3001/node_modules/.vite/deps/vue-i18n.js?v=f30033ef:59
[  213422ms] [WARNING] [intlify] Not found '财务金融规划' key in 'zh' locale messages. @ http://localhost:3001/node_modules/.vite/deps/vue-i18n.js?v=f30033ef:59
[  213423ms] [WARNING] [intlify] Not found '人际关系规划' key in 'zh-cn' locale messages. @ http://localhost:3001/node_modules/.vite/deps/vue-i18n.js?v=f30033ef:59
[  213424ms] [WARNING] [intlify] Fall back to translate '人际关系规划' key with 'zh' locale. @ http://localhost:3001/node_modules/.vite/deps/vue-i18n.js?v=f30033ef:59
[  213424ms] [WARNING] [intlify] Not found '人际关系规划' key in 'zh' locale messages. @ http://localhost:3001/node_modules/.vite/deps/vue-i18n.js?v=f30033ef:59
[  213425ms] [WARNING] [intlify] Not found '资产管制区' key in 'zh-cn' locale messages. @ http://localhost:3001/node_modules/.vite/deps/vue-i18n.js?v=f30033ef:59
[  213426ms] [WARNING] [intlify] Fall back to translate '资产管制区' key with 'zh' locale. @ http://localhost:3001/node_modules/.vite/deps/vue-i18n.js?v=f30033ef:59
[  213426ms] [WARNING] [intlify] Not found '资产管制区' key in 'zh' locale messages. @ http://localhost:3001/node_modules/.vite/deps/vue-i18n.js?v=f30033ef:59
[  213428ms] [WARNING] [intlify] Not found '资产台账管理' key in 'zh-cn' locale messages. @ http://localhost:3001/node_modules/.vite/deps/vue-i18n.js?v=f30033ef:59
[  213428ms] [WARNING] [intlify] Fall back to translate '资产台账管理' key with 'zh' locale. @ http://localhost:3001/node_modules/.vite/deps/vue-i18n.js?v=f30033ef:59
[  213429ms] [WARNING] [intlify] Not found '资产台账管理' key in 'zh' locale messages. @ http://localhost:3001/node_modules/.vite/deps/vue-i18n.js?v=f30033ef:59
[  213430ms] [WARNING] [intlify] Not found '资产记账' key in 'zh-cn' locale messages. @ http://localhost:3001/node_modules/.vite/deps/vue-i18n.js?v=f30033ef:59
[  213430ms] [WARNING] [intlify] Fall back to translate '资产记账' key with 'zh' locale. @ http://localhost:3001/node_modules/.vite/deps/vue-i18n.js?v=f30033ef:59
[  213430ms] [WARNING] [intlify] Not found '资产记账' key in 'zh' locale messages. @ http://localhost:3001/node_modules/.vite/deps/vue-i18n.js?v=f30033ef:59
[  213431ms] [WARNING] [intlify] Not found '基金资产管理' key in 'zh-cn' locale messages. @ http://localhost:3001/node_modules/.vite/deps/vue-i18n.js?v=f30033ef:59
[  213432ms] [WARNING] [intlify] Fall back to translate '基金资产管理' key with 'zh' locale. @ http://localhost:3001/node_modules/.vite/deps/vue-i18n.js?v=f30033ef:59
[  213432ms] [WARNING] [intlify] Not found '基金资产管理' key in 'zh' locale messages. @ http://localhost:3001/node_modules/.vite/deps/vue-i18n.js?v=f30033ef:59
[  213433ms] [WARNING] [intlify] Not found '资产聚类分析' key in 'zh-cn' locale messages. @ http://localhost:3001/node_modules/.vite/deps/vue-i18n.js?v=f30033ef:59
[  213433ms] [WARNING] [intlify] Fall back to translate '资产聚类分析' key with 'zh' locale. @ http://localhost:3001/node_modules/.vite/deps/vue-i18n.js?v=f30033ef:59
[  213434ms] [WARNING] [intlify] Not found '资产聚类分析' key in 'zh' locale messages. @ http://localhost:3001/node_modules/.vite/deps/vue-i18n.js?v=f30033ef:59
[  213436ms] [WARNING] [intlify] Not found '人脉交际区' key in 'zh-cn' locale messages. @ http://localhost:3001/node_modules/.vite/deps/vue-i18n.js?v=f30033ef:59
[  213436ms] [WARNING] [intlify] Fall back to translate '人脉交际区' key with 'zh' locale. @ http://localhost:3001/node_modules/.vite/deps/vue-i18n.js?v=f30033ef:59
[  213437ms] [WARNING] [intlify] Not found '人脉交际区' key in 'zh' locale messages. @ http://localhost:3001/node_modules/.vite/deps/vue-i18n.js?v=f30033ef:59
[  213439ms] [WARNING] [intlify] Not found '缘系人信息' key in 'zh-cn' locale messages. @ http://localhost:3001/node_modules/.vite/deps/vue-i18n.js?v=f30033ef:59
[  213440ms] [WARNING] [intlify] Fall back to translate '缘系人信息' key with 'zh' locale. @ http://localhost:3001/node_modules/.vite/deps/vue-i18n.js?v=f30033ef:59
[  213440ms] [WARNING] [intlify] Not found '缘系人信息' key in 'zh' locale messages. @ http://localhost:3001/node_modules/.vite/deps/vue-i18n.js?v=f30033ef:59
[  213441ms] [WARNING] [intlify] Not found '人际交流事件' key in 'zh-cn' locale messages. @ http://localhost:3001/node_modules/.vite/deps/vue-i18n.js?v=f30033ef:59
[  213442ms] [WARNING] [intlify] Fall back to translate '人际交流事件' key with 'zh' locale. @ http://localhost:3001/node_modules/.vite/deps/vue-i18n.js?v=f30033ef:59
[  213442ms] [WARNING] [intlify] Not found '人际交流事件' key in 'zh' locale messages. @ http://localhost:3001/node_modules/.vite/deps/vue-i18n.js?v=f30033ef:59
[  213443ms] [WARNING] [intlify] Not found '人格拓扑测绘' key in 'zh-cn' locale messages. @ http://localhost:3001/node_modules/.vite/deps/vue-i18n.js?v=f30033ef:59
[  213443ms] [WARNING] [intlify] Fall back to translate '人格拓扑测绘' key with 'zh' locale. @ http://localhost:3001/node_modules/.vite/deps/vue-i18n.js?v=f30033ef:59
[  213444ms] [WARNING] [intlify] Not found '人格拓扑测绘' key in 'zh' locale messages. @ http://localhost:3001/node_modules/.vite/deps/vue-i18n.js?v=f30033ef:59
[  213445ms] [WARNING] [intlify] Not found '想法闪停区' key in 'zh-cn' locale messages. @ http://localhost:3001/node_modules/.vite/deps/vue-i18n.js?v=f30033ef:59
[  213445ms] [WARNING] [intlify] Fall back to translate '想法闪停区' key with 'zh' locale. @ http://localhost:3001/node_modules/.vite/deps/vue-i18n.js?v=f30033ef:59
[  213445ms] [WARNING] [intlify] Not found '想法闪停区' key in 'zh' locale messages. @ http://localhost:3001/node_modules/.vite/deps/vue-i18n.js?v=f30033ef:59
[  213447ms] [WARNING] [intlify] Not found '闪停光域' key in 'zh-cn' locale messages. @ http://localhost:3001/node_modules/.vite/deps/vue-i18n.js?v=f30033ef:59
[  213447ms] [WARNING] [intlify] Fall back to translate '闪停光域' key with 'zh' locale. @ http://localhost:3001/node_modules/.vite/deps/vue-i18n.js?v=f30033ef:59
[  213448ms] [WARNING] [intlify] Not found '闪停光域' key in 'zh' locale messages. @ http://localhost:3001/node_modules/.vite/deps/vue-i18n.js?v=f30033ef:59
[  213450ms] [WARNING] [intlify] Not found '闪停暗房' key in 'zh-cn' locale messages. @ http://localhost:3001/node_modules/.vite/deps/vue-i18n.js?v=f30033ef:59
[  213451ms] [WARNING] [intlify] Fall back to translate '闪停暗房' key with 'zh' locale. @ http://localhost:3001/node_modules/.vite/deps/vue-i18n.js?v=f30033ef:59
[  213452ms] [WARNING] [intlify] Not found '闪停暗房' key in 'zh' locale messages. @ http://localhost:3001/node_modules/.vite/deps/vue-i18n.js?v=f30033ef:59
[  213454ms] [WARNING] [intlify] Not found '闪停思维云图' key in 'zh-cn' locale messages. @ http://localhost:3001/node_modules/.vite/deps/vue-i18n.js?v=f30033ef:59
[  213454ms] [WARNING] [intlify] Fall back to translate '闪停思维云图' key with 'zh' locale. @ http://localhost:3001/node_modules/.vite/deps/vue-i18n.js?v=f30033ef:59
[  213455ms] [WARNING] [intlify] Not found '闪停思维云图' key in 'zh' locale messages. @ http://localhost:3001/node_modules/.vite/deps/vue-i18n.js?v=f30033ef:59
[  213457ms] [WARNING] [intlify] Not found '试验开展区' key in 'zh-cn' locale messages. @ http://localhost:3001/node_modules/.vite/deps/vue-i18n.js?v=f30033ef:59
[  213457ms] [WARNING] [intlify] Fall back to translate '试验开展区' key with 'zh' locale. @ http://localhost:3001/node_modules/.vite/deps/vue-i18n.js?v=f30033ef:59
[  213458ms] [WARNING] [intlify] Not found '试验开展区' key in 'zh' locale messages. @ http://localhost:3001/node_modules/.vite/deps/vue-i18n.js?v=f30033ef:59
[  213461ms] [WARNING] [intlify] Not found '生活试验开展' key in 'zh-cn' locale messages. @ http://localhost:3001/node_modules/.vite/deps/vue-i18n.js?v=f30033ef:59
[  213462ms] [WARNING] [intlify] Fall back to translate '生活试验开展' key with 'zh' locale. @ http://localhost:3001/node_modules/.vite/deps/vue-i18n.js?v=f30033ef:59
[  213462ms] [WARNING] [intlify] Not found '生活试验开展' key in 'zh' locale messages. @ http://localhost:3001/node_modules/.vite/deps/vue-i18n.js?v=f30033ef:59
[  213464ms] [WARNING] [intlify] Not found '商业试验开展' key in 'zh-cn' locale messages. @ http://localhost:3001/node_modules/.vite/deps/vue-i18n.js?v=f30033ef:59
[  213465ms] [WARNING] [intlify] Fall back to translate '商业试验开展' key with 'zh' locale. @ http://localhost:3001/node_modules/.vite/deps/vue-i18n.js?v=f30033ef:59
[  213466ms] [WARNING] [intlify] Not found '商业试验开展' key in 'zh' locale messages. @ http://localhost:3001/node_modules/.vite/deps/vue-i18n.js?v=f30033ef:59
[  213468ms] [WARNING] [intlify] Not found '人性试验开展' key in 'zh-cn' locale messages. @ http://localhost:3001/node_modules/.vite/deps/vue-i18n.js?v=f30033ef:59
[  213469ms] [WARNING] [intlify] Fall back to translate '人性试验开展' key with 'zh' locale. @ http://localhost:3001/node_modules/.vite/deps/vue-i18n.js?v=f30033ef:59
[  213469ms] [WARNING] [intlify] Not found '人性试验开展' key in 'zh' locale messages. @ http://localhost:3001/node_modules/.vite/deps/vue-i18n.js?v=f30033ef:59
[  213471ms] [WARNING] [intlify] Not found '旁通试验开展' key in 'zh-cn' locale messages. @ http://localhost:3001/node_modules/.vite/deps/vue-i18n.js?v=f30033ef:59
[  213471ms] [WARNING] [intlify] Fall back to translate '旁通试验开展' key with 'zh' locale. @ http://localhost:3001/node_modules/.vite/deps/vue-i18n.js?v=f30033ef:59
[  213472ms] [WARNING] [intlify] Not found '旁通试验开展' key in 'zh' locale messages. @ http://localhost:3001/node_modules/.vite/deps/vue-i18n.js?v=f30033ef:59
[  213473ms] [WARNING] [intlify] Not found '交易系统试验' key in 'zh-cn' locale messages. @ http://localhost:3001/node_modules/.vite/deps/vue-i18n.js?v=f30033ef:59
[  213474ms] [WARNING] [intlify] Fall back to translate '交易系统试验' key with 'zh' locale. @ http://localhost:3001/node_modules/.vite/deps/vue-i18n.js?v=f30033ef:59
[  213474ms] [WARNING] [intlify] Not found '交易系统试验' key in 'zh' locale messages. @ http://localhost:3001/node_modules/.vite/deps/vue-i18n.js?v=f30033ef:59
[  213481ms] [WARNING] [intlify] Not found '个人观测区' key in 'zh-cn' locale messages. @ http://localhost:3001/node_modules/.vite/deps/vue-i18n.js?v=f30033ef:59
[  213482ms] [WARNING] [intlify] Fall back to translate '个人观测区' key with 'zh' locale. @ http://localhost:3001/node_modules/.vite/deps/vue-i18n.js?v=f30033ef:59
[  213482ms] [WARNING] [intlify] Not found '个人观测区' key in 'zh' locale messages. @ http://localhost:3001/node_modules/.vite/deps/vue-i18n.js?v=f30033ef:59
[  213484ms] [WARNING] [intlify] Not found '基本情况观测' key in 'zh-cn' locale messages. @ http://localhost:3001/node_modules/.vite/deps/vue-i18n.js?v=f30033ef:59
[  213485ms] [WARNING] [intlify] Fall back to translate '基本情况观测' key with 'zh' locale. @ http://localhost:3001/node_modules/.vite/deps/vue-i18n.js?v=f30033ef:59
[  213485ms] [WARNING] [intlify] Not found '基本情况观测' key in 'zh' locale messages. @ http://localhost:3001/node_modules/.vite/deps/vue-i18n.js?v=f30033ef:59
[  213486ms] [WARNING] [intlify] Not found '精神层面观测' key in 'zh-cn' locale messages. @ http://localhost:3001/node_modules/.vite/deps/vue-i18n.js?v=f30033ef:59
[  213487ms] [WARNING] [intlify] Fall back to translate '精神层面观测' key with 'zh' locale. @ http://localhost:3001/node_modules/.vite/deps/vue-i18n.js?v=f30033ef:59
[  213487ms] [WARNING] [intlify] Not found '精神层面观测' key in 'zh' locale messages. @ http://localhost:3001/node_modules/.vite/deps/vue-i18n.js?v=f30033ef:59
[  213488ms] [WARNING] [intlify] Not found '知识层面观测' key in 'zh-cn' locale messages. @ http://localhost:3001/node_modules/.vite/deps/vue-i18n.js?v=f30033ef:59
[  213489ms] [WARNING] [intlify] Fall back to translate '知识层面观测' key with 'zh' locale. @ http://localhost:3001/node_modules/.vite/deps/vue-i18n.js?v=f30033ef:59
[  213489ms] [WARNING] [intlify] Not found '知识层面观测' key in 'zh' locale messages. @ http://localhost:3001/node_modules/.vite/deps/vue-i18n.js?v=f30033ef:59
[  213490ms] [WARNING] [intlify] Not found '资产动态观测' key in 'zh-cn' locale messages. @ http://localhost:3001/node_modules/.vite/deps/vue-i18n.js?v=f30033ef:59
[  213491ms] [WARNING] [intlify] Fall back to translate '资产动态观测' key with 'zh' locale. @ http://localhost:3001/node_modules/.vite/deps/vue-i18n.js?v=f30033ef:59
[  213491ms] [WARNING] [intlify] Not found '资产动态观测' key in 'zh' locale messages. @ http://localhost:3001/node_modules/.vite/deps/vue-i18n.js?v=f30033ef:59
[  213492ms] [WARNING] [intlify] Not found '人际关系观测' key in 'zh-cn' locale messages. @ http://localhost:3001/node_modules/.vite/deps/vue-i18n.js?v=f30033ef:59
[  213492ms] [WARNING] [intlify] Fall back to translate '人际关系观测' key with 'zh' locale. @ http://localhost:3001/node_modules/.vite/deps/vue-i18n.js?v=f30033ef:59
[  213493ms] [WARNING] [intlify] Not found '人际关系观测' key in 'zh' locale messages. @ http://localhost:3001/node_modules/.vite/deps/vue-i18n.js?v=f30033ef:59
[  213497ms] [WARNING] [intlify] Not found '交易系统试验' key in 'zh-cn' locale messages. @ http://localhost:3001/node_modules/.vite/deps/vue-i18n.js?v=f30033ef:59
[  213497ms] [WARNING] [intlify] Fall back to translate '交易系统试验' key with 'zh' locale. @ http://localhost:3001/node_modules/.vite/deps/vue-i18n.js?v=f30033ef:59
[  213497ms] [WARNING] [intlify] Not found '交易系统试验' key in 'zh' locale messages. @ http://localhost:3001/node_modules/.vite/deps/vue-i18n.js?v=f30033ef:59
[  213499ms] [WARNING] [intlify] Not found '首页' key in 'zh-cn' locale messages. @ http://localhost:3001/node_modules/.vite/deps/vue-i18n.js?v=f30033ef:59
[  213500ms] [WARNING] [intlify] Fall back to translate '首页' key with 'zh' locale. @ http://localhost:3001/node_modules/.vite/deps/vue-i18n.js?v=f30033ef:59
[  213500ms] [WARNING] [intlify] Not found '首页' key in 'zh' locale messages. @ http://localhost:3001/node_modules/.vite/deps/vue-i18n.js?v=f30033ef:59
[  213501ms] [WARNING] [intlify] Not found '试验开展区' key in 'zh-cn' locale messages. @ http://localhost:3001/node_modules/.vite/deps/vue-i18n.js?v=f30033ef:59
[  213501ms] [WARNING] [intlify] Fall back to translate '试验开展区' key with 'zh' locale. @ http://localhost:3001/node_modules/.vite/deps/vue-i18n.js?v=f30033ef:59
[  213502ms] [WARNING] [intlify] Not found '试验开展区' key in 'zh' locale messages. @ http://localhost:3001/node_modules/.vite/deps/vue-i18n.js?v=f30033ef:59
[  213502ms] [WARNING] [intlify] Not found '交易系统试验' key in 'zh-cn' locale messages. @ http://localhost:3001/node_modules/.vite/deps/vue-i18n.js?v=f30033ef:59
[  213502ms] [WARNING] [intlify] Fall back to translate '交易系统试验' key with 'zh' locale. @ http://localhost:3001/node_modules/.vite/deps/vue-i18n.js?v=f30033ef:59
[  213503ms] [WARNING] [intlify] Not found '交易系统试验' key in 'zh' locale messages. @ http://localhost:3001/node_modules/.vite/deps/vue-i18n.js?v=f30033ef:59
[  213513ms] [WARNING] ElementPlusError: [el-dialog] [Attribute] custom-class is about to be deprecated in version 2.3.0, please use class instead.
For more detail, please visit: https://element-plus.org/en-US/component/dialog.html#attributes

    at debugWarn (http://localhost:3001/node_modules/.vite/deps/element-plus.js?v=f30033ef:9333:37)
    at watch.immediate (http://localhost:3001/node_modules/.vite/deps/element-plus.js?v=f30033ef:9906:7)
    at callWithErrorHandling (http://localhost:3001/node_modules/.vite/deps/chunk-R7DEWAWQ.js?v=f30033ef:1350:18)
    at callWithAsyncErrorHandling (http://localhost:3001/node_modules/.vite/deps/chunk-R7DEWAWQ.js?v=f30033ef:1358:17)
    at job (http://localhost:3001/node_modules/.vite/deps/chunk-R7DEWAWQ.js?v=f30033ef:2619:9)
    at doWatch (http://localhost:3001/node_modules/.vite/deps/chunk-R7DEWAWQ.js?v=f30033ef:2652:7)
    at watch (http://localhost:3001/node_modules/.vite/deps/chunk-R7DEWAWQ.js?v=f30033ef:2529:10)
    at useDeprecated (http://localhost:3001/node_modules/.vite/deps/element-plus.js?v=f30033ef:9904:3)
    at setup (http://localhost:3001/node_modules/.vite/deps/element-plus.js?v=f30033ef:27767:5)
    at callWithErrorHandling (http://localhost:3001/node_modules/.vite/deps/chunk-R7DEWAWQ.js?v=f30033ef:1350:18) @ http://localhost:3001/node_modules/.vite/deps/element-plus.js?v=f30033ef:9333
[  213530ms] [WARNING] [intlify] Not found '交易系统试验' key in 'zh-cn' locale messages. @ http://localhost:3001/node_modules/.vite/deps/vue-i18n.js?v=f30033ef:59
[  213530ms] [WARNING] [intlify] Fall back to translate '交易系统试验' key with 'zh' locale. @ http://localhost:3001/node_modules/.vite/deps/vue-i18n.js?v=f30033ef:59
[  213530ms] [WARNING] [intlify] Not found '交易系统试验' key in 'zh' locale messages. @ http://localhost:3001/node_modules/.vite/deps/vue-i18n.js?v=f30033ef:59
[  213590ms] [WARNING] ElementPlusError: [props] [API] type.text is about to be deprecated in version 3.0.0, please use link instead.
For more detail, please visit: https://element-plus.org/en-US/component/button.html#button-attributes

    at debugWarn (http://localhost:3001/node_modules/.vite/deps/element-plus.js?v=f30033ef:9333:37)
    at watch.immediate (http://localhost:3001/node_modules/.vite/deps/element-plus.js?v=f30033ef:9906:7)
    at callWithErrorHandling (http://localhost:3001/node_modules/.vite/deps/chunk-R7DEWAWQ.js?v=f30033ef:1350:18)
    at callWithAsyncErrorHandling (http://localhost:3001/node_modules/.vite/deps/chunk-R7DEWAWQ.js?v=f30033ef:1358:17)
    at job (http://localhost:3001/node_modules/.vite/deps/chunk-R7DEWAWQ.js?v=f30033ef:2619:9)
    at doWatch (http://localhost:3001/node_modules/.vite/deps/chunk-R7DEWAWQ.js?v=f30033ef:2652:7)
    at watch (http://localhost:3001/node_modules/.vite/deps/chunk-R7DEWAWQ.js?v=f30033ef:2529:10)
    at useDeprecated (http://localhost:3001/node_modules/.vite/deps/element-plus.js?v=f30033ef:9904:3)
    at setup (http://localhost:3001/node_modules/.vite/deps/element-plus.js?v=f30033ef:16958:5)
    at callWithErrorHandling (http://localhost:3001/node_modules/.vite/deps/chunk-R7DEWAWQ.js?v=f30033ef:1350:18) @ http://localhost:3001/node_modules/.vite/deps/element-plus.js?v=f30033ef:9333
[  214172ms] [WARNING] [intlify] Not found '交易系统试验' key in 'zh-cn' locale messages. @ http://localhost:3001/node_modules/.vite/deps/vue-i18n.js?v=f30033ef:59
[  214173ms] [WARNING] [intlify] Fall back to translate '交易系统试验' key with 'zh' locale. @ http://localhost:3001/node_modules/.vite/deps/vue-i18n.js?v=f30033ef:59
[  214173ms] [WARNING] [intlify] Not found '交易系统试验' key in 'zh' locale messages. @ http://localhost:3001/node_modules/.vite/deps/vue-i18n.js?v=f30033ef:59
[  214238ms] [ERROR] Failed to load resource: the server responded with a status of 404 (Not Found) @ http://localhost:3001/src/assets/memory/background.gif:0
[  216181ms] [ERROR] Failed to load resource: net::ERR_CONNECTION_REFUSED @ http://127.0.0.1:9000/srhwzzqdn-bucket/20250615/26e0e467b68145078ea3e3308de0fefd%E4%B8%BB%E8%A7%92%E8%90%A7%E9%BA%9F.png:0
